[36m[backend][0m [32minfo[39m: [36m[NativeEmbeddingReranker][0m Initialized
[36m[backend][0m [32minfo[39m: [36m[NativeEmbeddingReranker][0m Loading reranker suite...
[36m[backend][0m [32minfo[39m: [36m[NativeEmbeddingReranker][0m Loaded model hotchpotch/japanese-reranker-xsmall-v2
[36m[backend][0m [32minfo[39m: [36m[NativeEmbeddingReranker][0m Loaded tokenizer hotchpotch/japanese-reranker-xsmall-v2
[36m[backend][0m [32minfo[39m: [36m[NativeEmbeddingReranker][0m Reranking 44 documents...
[36m[backend][0m [32minfo[39m: [36m[NativeEmbeddingReranker][0m Reranking 44 documents to top 44 took 497ms
[36m[backend][0m [32minfo[39m: [36m[VectorDB::LanceDb][0m sentence-cushion chunks 8 -> 8, sentences kept 20/44
[36m[backend][0m [32minfo[39m: [36m[NativeEmbeddingReranker][0m Initialized
[36m[backend][0m [32minfo[39m: [36m[NativeEmbeddingReranker][0m Reranker suite already fully initialized - reusing.
[36m[backend][0m [32minfo[39m: [36m[NativeEmbeddingReranker][0m Reranking 45 documents...
[36m[backend][0m [32minfo[39m: [36m[NativeEmbeddingReranker][0m Reranking 45 documents to top 45 took 489ms
[36m[backend][0m [32minfo[39m: [36m[VectorDB::LanceDb][0m sentence-cushion chunks 8 -> 6, sentences kept 21/45
[36m[backend][0m [32minfo[39m: [36m[NativeEmbeddingReranker][0m Initialized
[36m[backend][0m [32minfo[39m: [36m[NativeEmbeddingReranker][0m Reranker suite already fully initialized - reusing.
[36m[backend][0m [32minfo[39m: [36m[NativeEmbeddingReranker][0m Reranking 44 documents...
[36m[backend][0m [32minfo[39m: [36m[NativeEmbeddingReranker][0m Reranking 44 documents to top 44 took 418ms
[36m[backend][0m [32minfo[39m: [36m[VectorDB::LanceDb][0m sentence-cushion chunks 8 -> 8, sentences kept 22/44
[36m[backend][0m [32minfo[39m: [36m[NativeEmbeddingReranker][0m Initialized
[36m[backend][0m [32minfo[39m: [36m[NativeEmbeddingReranker][0m Reranker suite already fully initialized - reusing.
[36m[backend][0m [32minfo[39m: [36m[NativeEmbeddingReranker][0m Reranking 36 documents...
[36m[backend][0m [32minfo[39m: [36m[NativeEmbeddingReranker][0m Reranking 36 documents to top 36 took 303ms
[36m[backend][0m [32minfo[39m: [36m[VectorDB::LanceDb][0m sentence-cushion chunks 8 -> 6, sentences kept 18/36
[36m[backend][0m [32minfo[39m: [36m[NativeEmbeddingReranker][0m Initialized
[36m[backend][0m [32minfo[39m: [36m[NativeEmbeddingReranker][0m Reranker suite already fully initialized - reusing.
[36m[backend][0m [32minfo[39m: [36m[NativeEmbeddingReranker][0m Reranking 33 documents...
[36m[backend][0m [32minfo[39m: [36m[NativeEmbeddingReranker][0m Reranking 33 documents to top 33 took 473ms
[36m[backend][0m [32minfo[39m: [36m[VectorDB::LanceDb][0m sentence-cushion chunks 8 -> 8, sentences kept 21/33
[36m[backend][0m [32minfo[39m: [36m[NativeEmbeddingReranker][0m Initialized
[36m[backend][0m [32minfo[39m: [36m[NativeEmbeddingReranker][0m Reranker suite already fully initialized - reusing.
[36m[backend][0m [32minfo[39m: [36m[NativeEmbeddingReranker][0m Reranking 39 documents...
[36m[backend][0m [32minfo[39m: [36m[NativeEmbeddingReranker][0m Reranking 39 documents to top 39 took 589ms
[36m[backend][0m [32minfo[39m: [36m[VectorDB::LanceDb][0m sentence-cushion chunks 8 -> 6, sentences kept 18/39
[36m[backend][0m [32minfo[39m: [36m[NativeEmbeddingReranker][0m Initialized
[36m[backend][0m [32minfo[39m: [36m[NativeEmbeddingReranker][0m Reranker suite already fully initialized - reusing.
[36m[backend][0m [32minfo[39m: [36m[NativeEmbeddingReranker][0m Reranking 35 documents...
[36m[backend][0m [32minfo[39m: [36m[NativeEmbeddingReranker][0m Reranking 35 documents to top 35 took 833ms
[36m[backend][0m [32minfo[39m: [36m[VectorDB::LanceDb][0m sentence-cushion chunks 8 -> 5, sentences kept 16/35
[36m[backend][0m [32minfo[39m: [36m[NativeEmbeddingReranker][0m Initialized
[36m[backend][0m [32minfo[39m: [36m[NativeEmbeddingReranker][0m Reranker suite already fully initialized - reusing.
[36m[backend][0m [32minfo[39m: [36m[NativeEmbeddingReranker][0m Reranking 42 documents...
[36m[backend][0m [32minfo[39m: [36m[NativeEmbeddingReranker][0m Reranking 42 documents to top 42 took 400ms
[36m[backend][0m [32minfo[39m: [36m[VectorDB::LanceDb][0m sentence-cushion chunks 8 -> 7, sentences kept 21/42
[36m[backend][0m [32minfo[39m: [36m[NativeEmbeddingReranker][0m Initialized
[36m[backend][0m [32minfo[39m: [36m[NativeEmbeddingReranker][0m Reranker suite already fully initialized - reusing.
[36m[backend][0m [32minfo[39m: [36m[NativeEmbeddingReranker][0m Reranking 41 documents...
[36m[backend][0m [32minfo[39m: [36m[NativeEmbeddingReranker][0m Reranking 41 documents to top 41 took 284ms
[36m[backend][0m [32minfo[39m: [36m[VectorDB::LanceDb][0m sentence-cushion chunks 8 -> 6, sentences kept 18/41
[36m[backend][0m [32minfo[39m: [36m[NativeEmbeddingReranker][0m Initialized
[36m[backend][0m [32minfo[39m: [36m[NativeEmbeddingReranker][0m Reranker suite already fully initialized - reusing.
[36m[backend][0m [32minfo[39m: [36m[NativeEmbeddingReranker][0m Reranking 36 documents...
[36m[backend][0m [32minfo[39m: [36m[NativeEmbeddingReranker][0m Reranking 36 documents to top 36 took 860ms
[36m[backend][0m [32minfo[39m: [36m[VectorDB::LanceDb][0m sentence-cushion chunks 8 -> 8, sentences kept 18/36
[36m[backend][0m [32minfo[39m: [36m[NativeEmbeddingReranker][0m Initialized
[36m[backend][0m [32minfo[39m: [36m[NativeEmbeddingReranker][0m Reranker suite already fully initialized - reusing.
[36m[backend][0m [32minfo[39m: [36m[NativeEmbeddingReranker][0m Reranking 30 documents...
[36m[backend][0m [32minfo[39m: [36m[NativeEmbeddingReranker][0m Reranking 30 documents to top 30 took 638ms
[36m[backend][0m [32minfo[39m: [36m[VectorDB::LanceDb][0m sentence-cushion chunks 8 -> 7, sentences kept 17/30
[36m[backend][0m [32minfo[39m: [36m[NativeEmbeddingReranker][0m Initialized
[36m[backend][0m [32minfo[39m: [36m[NativeEmbeddingReranker][0m Reranker suite already fully initialized - reusing.
[36m[backend][0m [32minfo[39m: [36m[NativeEmbeddingReranker][0m Reranking 43 documents...
[36m[backend][0m [32minfo[39m: [36m[NativeEmbeddingReranker][0m Reranking 43 documents to top 43 took 551ms
[36m[backend][0m [32minfo[39m: [36m[VectorDB::LanceDb][0m sentence-cushion chunks 8 -> 5, sentences kept 19/43
[36m[backend][0m [32minfo[39m: [36m[NativeEmbeddingReranker][0m Initialized
[36m[backend][0m [32minfo[39m: [36m[NativeEmbeddingReranker][0m Reranker suite already fully initialized - reusing.
[36m[backend][0m [32minfo[39m: [36m[NativeEmbeddingReranker][0m Reranking 41 documents...
[36m[backend][0m [32minfo[39m: [36m[NativeEmbeddingReranker][0m Reranking 41 documents to top 41 took 338ms
[36m[backend][0m [32minfo[39m: [36m[VectorDB::LanceDb][0m sentence-cushion chunks 8 -> 6, sentences kept 19/41
[36m[backend][0m [32minfo[39m: [36m[NativeEmbeddingReranker][0m Initialized
[36m[backend][0m [32minfo[39m: [36m[NativeEmbeddingReranker][0m Reranker suite already fully initialized - reusing.
[36m[backend][0m [32minfo[39m: [36m[NativeEmbeddingReranker][0m Reranking 50 documents...
[36m[backend][0m [32minfo[39m: [36m[NativeEmbeddingReranker][0m Reranking 50 documents to top 50 took 712ms
[36m[backend][0m [32minfo[39m: [36m[VectorDB::LanceDb][0m sentence-cushion chunks 8 -> 7, sentences kept 19/50
[36m[backend][0m [32minfo[39m: [36m[NativeEmbeddingReranker][0m Initialized
[36m[backend][0m [32minfo[39m: [36m[NativeEmbeddingReranker][0m Reranker suite already fully initialized - reusing.
[36m[backend][0m [32minfo[39m: [36m[NativeEmbeddingReranker][0m Reranking 35 documents...
[36m[backend][0m [32minfo[39m: [36m[NativeEmbeddingReranker][0m Reranking 35 documents to top 35 took 663ms
[36m[backend][0m [32minfo[39m: [36m[VectorDB::LanceDb][0m sentence-cushion chunks 8 -> 7, sentences kept 18/35
[36m[backend][0m [32minfo[39m: [36m[NativeEmbeddingReranker][0m Initialized
[36m[backend][0m [32minfo[39m: [36m[NativeEmbeddingReranker][0m Reranker suite already fully initialized - reusing.
[36m[backend][0m [32minfo[39m: [36m[NativeEmbeddingReranker][0m Reranking 40 documents...
[36m[backend][0m [32minfo[39m: [36m[NativeEmbeddingReranker][0m Reranking 40 documents to top 40 took 450ms
[36m[backend][0m [32minfo[39m: [36m[VectorDB::LanceDb][0m sentence-cushion chunks 8 -> 5, sentences kept 19/40
[36m[backend][0m [32minfo[39m: [36m[NativeEmbeddingReranker][0m Initialized
[36m[backend][0m [32minfo[39m: [36m[NativeEmbeddingReranker][0m Reranker suite already fully initialized - reusing.
[36m[backend][0m [32minfo[39m: [36m[NativeEmbeddingReranker][0m Reranking 32 documents...
[36m[backend][0m [32minfo[39m: [36m[NativeEmbeddingReranker][0m Reranking 32 documents to top 32 took 257ms
[36m[backend][0m [32minfo[39m: [36m[VectorDB::LanceDb][0m sentence-cushion chunks 8 -> 7, sentences kept 19/32
[36m[backend][0m [32minfo[39m: [36m[NativeEmbeddingReranker][0m Initialized
[36m[backend][0m [32minfo[39m: [36m[NativeEmbeddingReranker][0m Reranker suite already fully initialized - reusing.
[36m[backend][0m [32minfo[39m: [36m[NativeEmbeddingReranker][0m Reranking 41 documents...
[36m[backend][0m [32minfo[39m: [36m[NativeEmbeddingReranker][0m Reranking 41 documents to top 41 took 448ms
[36m[backend][0m [32minfo[39m: [36m[VectorDB::LanceDb][0m sentence-cushion chunks 8 -> 4, sentences kept 19/41
[36m[backend][0m [32minfo[39m: [36m[NativeEmbeddingReranker][0m Initialized
[36m[backend][0m [32minfo[39m: [36m[NativeEmbeddingReranker][0m Reranker suite already fully initialized - reusing.
[36m[backend][0m [32minfo[39m: [36m[NativeEmbeddingReranker][0m Reranking 35 documents...
[36m[backend][0m [32minfo[39m: [36m[NativeEmbeddingReranker][0m Reranking 35 documents to top 35 took 373ms
[36m[backend][0m [32minfo[39m: [36m[VectorDB::LanceDb][0m sentence-cushion chunks 8 -> 4, sentences kept 15/35
[36m[backend][0m [32minfo[39m: [36m[NativeEmbeddingReranker][0m Initialized
[36m[backend][0m [32minfo[39m: [36m[NativeEmbeddingReranker][0m Reranker suite already fully initialized - reusing.
[36m[backend][0m [32minfo[39m: [36m[NativeEmbeddingReranker][0m Reranking 33 documents...
[36m[backend][0m [32minfo[39m: [36m[NativeEmbeddingReranker][0m Reranking 33 documents to top 33 took 344ms
[36m[backend][0m [32minfo[39m: [36m[VectorDB::LanceDb][0m sentence-cushion chunks 8 -> 7, sentences kept 19/33
[36m[backend][0m [32minfo[39m: [36m[NativeEmbeddingReranker][0m Initialized
[36m[backend][0m [32minfo[39m: [36m[NativeEmbeddingReranker][0m Reranker suite already fully initialized - reusing.
[36m[backend][0m [32minfo[39m: [36m[NativeEmbeddingReranker][0m Reranking 40 documents...
[36m[backend][0m [32minfo[39m: [36m[NativeEmbeddingReranker][0m Reranking 40 documents to top 40 took 276ms
[36m[backend][0m [32minfo[39m: [36m[VectorDB::LanceDb][0m sentence-cushion chunks 8 -> 5, sentences kept 17/40
[36m[backend][0m [32minfo[39m: [36m[NativeEmbeddingReranker][0m Initialized
[36m[backend][0m [32minfo[39m: [36m[NativeEmbeddingReranker][0m Reranker suite already fully initialized - reusing.
[36m[backend][0m [32minfo[39m: [36m[NativeEmbeddingReranker][0m Reranking 46 documents...
[36m[backend][0m [32minfo[39m: [36m[NativeEmbeddingReranker][0m Reranking 46 documents to top 46 took 292ms
[36m[backend][0m [32minfo[39m: [36m[VectorDB::LanceDb][0m sentence-cushion chunks 8 -> 6, sentences kept 21/46
[36m[backend][0m [32minfo[39m: [36m[NativeEmbeddingReranker][0m Initialized
[36m[backend][0m [32minfo[39m: [36m[NativeEmbeddingReranker][0m Reranker suite already fully initialized - reusing.
[36m[backend][0m [32minfo[39m: [36m[NativeEmbeddingReranker][0m Reranking 33 documents...
[36m[backend][0m [32minfo[39m: [36m[NativeEmbeddingReranker][0m Reranking 33 documents to top 33 took 558ms
[36m[backend][0m [32minfo[39m: [36m[VectorDB::LanceDb][0m sentence-cushion chunks 8 -> 4, sentences kept 15/33
[36m[backend][0m [32minfo[39m: [36m[NativeEmbeddingReranker][0m Initialized
[36m[backend][0m [32minfo[39m: [36m[NativeEmbeddingReranker][0m Reranker suite already fully initialized - reusing.
[36m[backend][0m [32minfo[39m: [36m[NativeEmbeddingReranker][0m Reranking 36 documents...
[36m[backend][0m [32minfo[39m: [36m[NativeEmbeddingReranker][0m Reranking 36 documents to top 36 took 717ms
[36m[backend][0m [32minfo[39m: [36m[VectorDB::LanceDb][0m sentence-cushion chunks 8 -> 8, sentences kept 21/36
[36m[backend][0m [32minfo[39m: [36m[NativeEmbeddingReranker][0m Initialized
[36m[backend][0m [32minfo[39m: [36m[NativeEmbeddingReranker][0m Reranker suite already fully initialized - reusing.
[36m[backend][0m [32minfo[39m: [36m[NativeEmbeddingReranker][0m Reranking 35 documents...
[36m[backend][0m [32minfo[39m: [36m[NativeEmbeddingReranker][0m Reranking 35 documents to top 35 took 472ms
[36m[backend][0m [32minfo[39m: [36m[VectorDB::LanceDb][0m sentence-cushion chunks 8 -> 7, sentences kept 17/35
[36m[backend][0m [32minfo[39m: [36m[NativeEmbeddingReranker][0m Initialized
[36m[backend][0m [32minfo[39m: [36m[NativeEmbeddingReranker][0m Reranker suite already fully initialized - reusing.
[36m[backend][0m [32minfo[39m: [36m[NativeEmbeddingReranker][0m Reranking 38 documents...
[36m[backend][0m [32minfo[39m: [36m[NativeEmbeddingReranker][0m Reranking 38 documents to top 38 took 717ms
[36m[backend][0m [32minfo[39m: [36m[VectorDB::LanceDb][0m sentence-cushion chunks 8 -> 6, sentences kept 16/38
[36m[backend][0m [32minfo[39m: [36m[NativeEmbeddingReranker][0m Initialized
[36m[backend][0m [32minfo[39m: [36m[NativeEmbeddingReranker][0m Reranker suite already fully initialized - reusing.
[36m[backend][0m [32minfo[39m: [36m[NativeEmbeddingReranker][0m Reranking 43 documents...
[36m[backend][0m [32minfo[39m: [36m[NativeEmbeddingReranker][0m Reranking 43 documents to top 43 took 471ms
[36m[backend][0m [32minfo[39m: [36m[VectorDB::LanceDb][0m sentence-cushion chunks 8 -> 6, sentences kept 22/43
[36m[backend][0m [32minfo[39m: [36m[NativeEmbeddingReranker][0m Initialized
[36m[backend][0m [32minfo[39m: [36m[NativeEmbeddingReranker][0m Reranker suite already fully initialized - reusing.
[36m[backend][0m [32minfo[39m: [36m[NativeEmbeddingReranker][0m Reranking 36 documents...
[36m[backend][0m [32minfo[39m: [36m[NativeEmbeddingReranker][0m Reranking 36 documents to top 36 took 634ms
[36m[backend][0m [32minfo[39m: [36m[VectorDB::LanceDb][0m sentence-cushion chunks 8 -> 6, sentences kept 18/36
[36m[backend][0m [32minfo[39m: [36m[NativeEmbeddingReranker][0m Initialized
[36m[backend][0m [32minfo[39m: [36m[NativeEmbeddingReranker][0m Reranker suite already fully initialized - reusing.
[36m[backend][0m [32minfo[39m: [36m[NativeEmbeddingReranker][0m Reranking 32 documents...
[36m[backend][0m [32minfo[39m: [36m[NativeEmbeddingReranker][0m Reranking 32 documents to top 32 took 495ms
[36m[backend][0m [32minfo[39m: [36m[VectorDB::LanceDb][0m sentence-cushion chunks 8 -> 7, sentences kept 17/32
[36m[backend][0m [32minfo[39m: [36m[NativeEmbeddingReranker][0m Initialized
[36m[backend][0m [32minfo[39m: [36m[NativeEmbeddingReranker][0m Reranker suite already fully initialized - reusing.
[36m[backend][0m [32minfo[39m: [36m[NativeEmbeddingReranker][0m Reranking 31 documents...
[36m[backend][0m [32minfo[39m: [36m[NativeEmbeddingReranker][0m Reranking 31 documents to top 31 took 418ms
[36m[backend][0m [32minfo[39m: [36m[VectorDB::LanceDb][0m sentence-cushion chunks 8 -> 6, sentences kept 18/31
[36m[backend][0m [32minfo[39m: [36m[NativeEmbeddingReranker][0m Initialized
[36m[backend][0m [32minfo[39m: [36m[NativeEmbeddingReranker][0m Reranker suite already fully initialized - reusing.
[36m[backend][0m [32minfo[39m: [36m[NativeEmbeddingReranker][0m Reranking 49 documents...
[36m[backend][0m [32minfo[39m: [36m[NativeEmbeddingReranker][0m Reranking 49 documents to top 49 took 965ms
[36m[backend][0m [32minfo[39m: [36m[VectorDB::LanceDb][0m sentence-cushion chunks 8 -> 6, sentences kept 20/49
