[Q01] C1 Coverage@8=0.22 (2/9) Anchor@8=2/5 MRR=1.000  この白書は全体でいくつの部に分かれていますか。それぞれの…
[Q02] C1 Coverage@8=0.25 (1/4) Anchor@8=1/3 MRR=0.500  巻頭の特集は何本あり、それぞれのテーマは何ですか。…
[Q03] C1 Coverage@8=0.83 (5/6) Anchor@8=7/7 MRR=1.000  防衛力の抜本的強化で重視するとされる7つの機能・能力を、…
[Q04] C1 Coverage@8=1.00 (2/2) Anchor@8=3/3 MRR=1.000  国家防衛戦略が掲げる3つの防衛目標と、それを実現するため…
[Q05] C2 Coverage@8=0.67 (2/3) Anchor@8=2/3 MRR=0.500  自衛隊に統合作戦司令部が新設されたのと同じ時期に、在日米…
[Q06] C2 Coverage@8=0.50 (1/2) Anchor@8=4/4 MRR=1.000  予備自衛官の1任期あたりの支給額が約27万円から約68万…
[Q07] C2 Coverage@8=1.00 (2/2) Anchor@8=3/3 MRR=1.000  2024年度のハラスメント相談は何件ありましたか。内訳も…
[Q08] C2 Coverage@8=1.00 (2/2) Anchor@8=3/3 MRR=1.000  Xバンド防衛通信衛星「きらめき」は現在何号機まであり、2…
[Q09] C2 Coverage@8=1.00 (3/3) Anchor@8=4/4 MRR=0.500  2025年度の防衛関係費は対GDP比でどの水準にあり、政…
[Q10] C3 Coverage@8=0.80 (4/5) Anchor@8=2/3 MRR=0.333  白書は中国・北朝鮮・ロシアの軍事動向を、それぞれどのよう…
[Q11] C3 Coverage@8=1.00 (1/1) Anchor@8=4/4 MRR=1.000  予備自衛官と即応予備自衛官では、手当や1任期あたりの支給…
[Q12] C3 Coverage@8=1.00 (2/2) Anchor@8=0/4 MRR=1.000  防衛関係費の使途別の内訳は、2024年度と2025年度で…
[Q13] C4 Coverage@8=0.50 (1/2) Anchor@8=3/4 MRR=0.200  特集2「自衛官の処遇・勤務環境の改善及び新たな生涯設計の…
[Q15] C4 Coverage@8=1.00 (2/2) Anchor@8=4/4 MRR=1.000  2024年度に防衛省・自衛隊が直面した主な出来事を、時系…
[Q16] C5 Coverage@8=0.33 (1/3) Anchor@8=0/3 MRR=0.200  この白書の記述からすると、航空自衛隊は今後どのような組織…
[Q17] C5 Coverage@8=1.00 (2/2) Anchor@8=3/3 MRR=1.000  2030年度以降、自衛隊の衛星通信の体制はどうなると読み…
[Q19] C6 Coverage@8=0.25 (1/4) Anchor@8=0/0 MRR=0.167  この白書の第Ⅵ部には何が書かれていますか。…
[Q20] C6 Coverage@8=1.00 (2/2) Anchor@8=2/3 MRR=1.000  白書によれば、次期防衛通信衛星はいつ打ち上げられる予定で…
[Q021] C2 Coverage@8=1.00 (2/2) Anchor@8=3/4 MRR=1.000  離島で発生した救急患者を自衛隊が航空機で搬送するのは、自…
[Q022] C2 Coverage@8=1.00 (2/2) Anchor@8=2/4 MRR=1.000  自衛隊による米軍等の部隊の武器等防護について、防衛大臣の…
[Q023] C2 Coverage@8=1.00 (2/2) Anchor@8=3/4 MRR=1.000  武力攻撃事態などにおける国民保護について、自衛隊が部隊を…
[Q024] C2 Coverage@8=1.00 (2/2) Anchor@8=4/4 MRR=1.000  自衛隊の海賊対処行動は、どの法律のどの条文に基づき、誰の…
[Q025] C2 Coverage@8=1.00 (3/3) Anchor@8=3/4 MRR=1.000  在外邦人等の輸送は自衛隊法上どのような枠組みで行われ、直…
[Q026] C2 Coverage@8=1.00 (2/2) Anchor@8=1/4 MRR=0.500  対領空侵犯措置について、無人の航空機に対する武器の使用に…
[Q027] C2 Coverage@8=1.00 (2/2) Anchor@8=4/4 MRR=1.000  滑空段階迎撃用誘導弾（GPI）は、どのような脅威に対し既…
[Q028] C2 Coverage@8=1.00 (2/2) Anchor@8=3/3 MRR=1.000  米国の国防イノベーションユニット（DIU）とはどのような…
[Q029] C2 Coverage@8=1.00 (2/2) Anchor@8=4/4 MRR=1.000  日英伊で共同開発する次期戦闘機について、その計画を管理す…
[Q030] C2 Coverage@8=1.00 (2/2) Anchor@8=3/4 MRR=1.000  米海兵隊のオスプレイについて、木更津駐屯地での定期機体整…
[Q031] C2 Coverage@8=0.50 (1/2) Anchor@8=1/3 MRR=1.000  2025年度の防衛関係費において研究開発費はどのような位…
[Q032] C2 Coverage@8=1.00 (2/2) Anchor@8=2/4 MRR=1.000  米国が2024年1月に発表した国家防衛産業戦略（NDIS…
[Q033] C2 Coverage@8=1.00 (2/2) Anchor@8=3/3 MRR=1.000  2025年度予算における米軍再編関係経費はいくらで、その…
[Q034] C2 Coverage@8=1.00 (2/2) Anchor@8=3/4 MRR=1.000  日米の環境補足協定はいつ結ばれ、何を定めていますか。また…
[Q035] C2 Coverage@8=1.00 (2/2) Anchor@8=4/4 MRR=1.000  オーストラリアの次期汎用フリゲート計画にわが国はどのよう…
[Q036] C2 Coverage@8=1.00 (2/2) Anchor@8=2/3 MRR=1.000  自律型致死兵器システム（LAWS）について、白書はどのよ…
[Q037] C2 Coverage@8=0.50 (1/2) Anchor@8=2/3 MRR=0.333  白書は原子力空母について、中国に関する記述と米国に関する…
[Q038] C2 Coverage@8=1.00 (2/2) Anchor@8=3/3 MRR=1.000  核兵器不拡散条約（NPT）はいつ発効し、現在いくつの国・…
[Q039] C2 Coverage@8=1.00 (2/2) Anchor@8=4/4 MRR=1.000  自衛隊のサイバー要員は何年度までに何人規模にすることを目…
[Q040] C2 Coverage@8=1.00 (2/2) Anchor@8=0/3 MRR=1.000  防衛省・自衛隊はウクライナに対しどのような装備品をどれだ…
[Q041] C2 Coverage@8=1.00 (2/2) Anchor@8=1/3 MRR=0.500  日米共同統合演習「キーン・ソード25」ではどのような新し…
[Q042] C2 Coverage@8=1.00 (2/2) Anchor@8=4/4 MRR=1.000  2024年度の自衛官の採用状況と充足率はどうなっています…
[Q043] C2 Coverage@8=1.00 (2/2) Anchor@8=3/3 MRR=1.000  陸上自衛隊高等工科学校について、サイバー人材育成の観点で…
[Q044] C2 Coverage@8=1.00 (2/2) Anchor@8=4/4 MRR=1.000  経済安全保障推進法に基づく特定重要物資は現在いくつ指定さ…
[Q045] C2 Coverage@8=1.00 (2/2) Anchor@8=3/3 MRR=1.000  防衛関係費でいう「維持費など」とはどのような経費ですか。…
[Q046] C2 Coverage@8=1.00 (2/2) Anchor@8=4/4 MRR=1.000  自衛隊の民生支援活動として、2024年度の不発弾処理と機…
[Q047] C2 Coverage@8=1.00 (2/2) Anchor@8=3/3 MRR=1.000  わが国が米国から提供を受けている拡大抑止とは何で、その協…
[Q048] C2 Coverage@8=1.00 (2/2) Anchor@8=3/4 MRR=1.000  統合作戦司令部と統合幕僚監部は組織としてどう違いますか。…
[Q049] C2 Coverage@8=1.00 (2/2) Anchor@8=4/4 MRR=1.000  NATOサイバー防衛協力センター（CCDCOE）はいつ認…
[Q050] C2 Coverage@8=0.50 (1/2) Anchor@8=2/3 MRR=1.000  国連三角パートナーシップ・プログラム（UNTPP）で、わ…
[Q051] C2 Coverage@8=1.00 (2/2) Anchor@8=2/3 MRR=1.000  南西地域の防衛体制強化として2025年に新編・新設された…
[Q052] C2 Coverage@8=1.00 (2/2) Anchor@8=3/3 MRR=0.500  政府はサイバー安全保障分野の対応能力をどの水準まで高める…
[Q053] C2 Coverage@8=1.00 (2/2) Anchor@8=0/3 MRR=0.500  白書が説明する「外国による情報操作と干渉（FIMI）」と…
[Q054] C2 Coverage@8=1.00 (2/2) Anchor@8=3/4 MRR=1.000  普天間飛行場が有する3つの機能はそれぞれどこへ移されるこ…
[Q055] C2 Coverage@8=1.00 (2/2) Anchor@8=3/3 MRR=0.500  航空機訓練移転（ATR）はどの在日米軍施設の航空機を対象…
[Q056] C2 Coverage@8=1.00 (2/2) Anchor@8=2/3 MRR=1.000  日米の共同計画はどのような仕組みで策定されることになって…
[Q057] C2 Coverage@8=1.00 (2/2) Anchor@8=4/4 MRR=1.000  自衛隊が現在運用している滞空型無人機にはどのようなものが…
[Q058] C2 Coverage@8=1.00 (2/2) Anchor@8=1/4 MRR=0.333  北朝鮮が「極超音速ミサイル」と称して発射しているミサイル…
[Q059] C2 Coverage@8=1.00 (2/2) Anchor@8=4/4 MRR=1.000  北朝鮮の弾道ミサイル発射に際して、日米韓3か国はどのよう…
[Q060] C2 Coverage@8=1.00 (2/2) Anchor@8=1/3 MRR=1.000  防衛装備庁が2024年10月に創設した研究機関はどこにあ…
[Q061] C2 Coverage@8=1.00 (2/2) Anchor@8=4/4 MRR=0.500  在日米軍の専用施設は国土面積のどれくらいを占め、そのうち…
[Q062] C2 Coverage@8=0.50 (1/2) Anchor@8=1/4 MRR=1.000  2024年度に陸上自衛隊が国内で行った同志国との二国間共…
[Q063] C2 Coverage@8=0.50 (1/2) Anchor@8=1/4 MRR=1.000  自衛隊の衛生機能はどのような組織へ変革することとされてい…
[Q064] C2 Coverage@8=1.00 (2/2) Anchor@8=4/4 MRR=1.000  防衛省・自衛隊70周年記念観閲式はいつどこで行われ、誰が…
[Q065] C3 Coverage@8=1.00 (1/1) Anchor@8=1/4 MRR=1.000  米国・ロシア・英国・フランス・中国の核弾頭の保有数は、そ…
[Q066] C3 Coverage@8=1.00 (1/1) Anchor@8=4/4 MRR=0.250  陸上兵力・海上兵力・航空兵力のそれぞれで世界1位はどの国…
[Q067] C3 Coverage@8=1.00 (1/1) Anchor@8=4/4 MRR=1.000  白書は中台の軍事力の一般的な特徴を、陸軍力・海空軍力・ミ…
[Q068] C3 Coverage@8=1.00 (1/1) Anchor@8=4/4 MRR=1.000  2020〜2024年の主要通常兵器の輸出シェアで上位に入…
[Q069] C3 Coverage@8=0.00 (0/1) Anchor@8=4/4 MRR=0.000  白書は弾道ミサイルを射程によっていくつに分類していますか…
[Q070] C3 Coverage@8=1.00 (1/1) Anchor@8=3/3 MRR=0.333  北朝鮮に対する国連安保理決議に基づく制裁について、原油・…
[Q071] C3 Coverage@8=1.00 (1/1) Anchor@8=1/3 MRR=0.500  防衛計画の大綱の別表と防衛力整備計画の別表3を比べると、…
[Q072] C3 Coverage@8=1.00 (2/2) Anchor@8=4/4 MRR=0.500  2025年度予算における在日米軍関係経費は、同盟強靱化予…
[Q073] C3 Coverage@8=1.00 (1/1) Anchor@8=3/3 MRR=1.000  嘉手納飛行場以南の土地の返還実績のうち、キャンプ瑞慶覧（…
[Q074] C3 Coverage@8=1.00 (1/1) Anchor@8=3/4 MRR=0.500  普天間飛行場と、名護市辺野古に建設される代替施設では、面…
[Q075] C3 Coverage@8=1.00 (1/1) Anchor@8=4/4 MRR=1.000  自衛隊施設（土地）と在日米軍施設・区域（専用施設）は、総…
[Q076] C3 Coverage@8=0.00 (0/1) Anchor@8=4/4 MRR=0.000  FMS調達の代表例として挙げられている装備品の2025年…
[Q077] C3 Coverage@8=1.00 (1/1) Anchor@8=4/4 MRR=0.500  防衛省における女性活躍の取組計画では、自衛官の採用者に占…
[Q078] C3 Coverage@8=1.00 (1/1) Anchor@8=4/4 MRR=1.000  自衛官の定年年齢は階級によってどう違いますか。将・1佐・…
[Q079] C3 Coverage@8=1.00 (1/1) Anchor@8=5/5 MRR=0.500  2024年度の再就職支援実績について、任期満了退職者と若…
[Q080] C3 Coverage@8=1.00 (1/1) Anchor@8=2/4 MRR=1.000  統合幕僚監部と統合作戦司令部は、組織としての位置づけがど…
[Q081] C3 Coverage@8=1.00 (2/2) Anchor@8=0/4 MRR=1.000  ロシアと韓国の直近の国防費は、伸び方にどのような違いがあ…
[Q082] C3 Coverage@8=1.00 (2/2) Anchor@8=4/4 MRR=1.000  武力攻撃事態・武力攻撃予測事態・存立危機事態の3つは、そ…
[Q083] C3 Coverage@8=1.00 (1/1) Anchor@8=2/4 MRR=1.000  2023年12月の防衛装備移転三原則と運用指針の改正では…
[Q084] C3 Coverage@8=1.00 (1/1) Anchor@8=0/4 MRR=1.000  バイデン前政権が発表した米国のNSS（国家安全保障戦略）…
[Q085] C3 Coverage@8=1.00 (1/1) Anchor@8=4/4 MRR=1.000  中国の公表国防予算とわが国の防衛関係費は、伸び方にどれだ…
[Q086] C3 Coverage@8=1.00 (1/1) Anchor@8=3/3 MRR=1.000  2025年度に引き上げられた自衛官任用一時金と自衛隊奨学…
[Q087] C3 Coverage@8=1.00 (1/1) Anchor@8=4/4 MRR=1.000  自衛官の任用制度において、防衛大学校・防衛医科大学校医学…
[Q088] C3 Coverage@8=1.00 (1/1) Anchor@8=3/3 MRR=1.000  米軍の統合軍は、機能別と地域別でそれぞれいくつありますか…
[Q089] C3 Coverage@8=1.00 (1/1) Anchor@8=4/4 MRR=0.500  日米安全保障条約の第5条と第6条は、それぞれ何を定めた規…
[Q090] C3 Coverage@8=1.00 (1/1) Anchor@8=1/3 MRR=1.000  防衛計画の大綱の別表を51大綱から追うと、陸上自衛隊の編…
[Q091] C3 Coverage@8=1.00 (1/1) Anchor@8=4/4 MRR=1.000  2025年度の基地周辺対策費（契約ベース）は、本土分と沖…
[Q092] C3 Coverage@8=1.00 (1/1) Anchor@8=3/3 MRR=1.000  気候変動をめぐって、米国防省とNATOはそれぞれどのよう…
[Q093] C3 Coverage@8=1.00 (1/1) Anchor@8=4/4 MRR=0.500  装備品の最適化における「無人化」の取組と「省人化」の取組…
[Q094] C1 Coverage@8=1.00 (1/1) Anchor@8=2/3 MRR=0.500  戦傷医療対処能力の向上のために掲げられている3本柱をすべ…
[Q095] C1 Coverage@8=1.00 (1/1) Anchor@8=3/3 MRR=1.000  国家安全保障戦略が防衛力の抜本的強化を補完する取組として…
[Q096] C1 Coverage@8=1.00 (1/1) Anchor@8=3/3 MRR=1.000  国民の保護に関する基本指針では、武力攻撃事態の想定をいく…
[Q097] C1 Coverage@8=1.00 (1/1) Anchor@8=3/3 MRR=1.000  ADMMプラスの専門家会合（EWG）はいくつの分野に設置…
[Q098] C1 Coverage@8=1.00 (1/1) Anchor@8=4/4 MRR=1.000  日ASEAN防衛協力の指針「ジャスミン」は、いくつの柱か…
[Q099] C1 Coverage@8=1.00 (1/1) Anchor@8=3/3 MRR=1.000  女性・平和・安全保障（WPS）に関する安保理決議第132…
[Q100] C1 Coverage@8=1.00 (1/1) Anchor@8=4/4 MRR=1.000  「防衛省サイバー人材総合戦略」でサイバー人材の確保に向け…
[Q101] C1 Coverage@8=1.00 (1/1) Anchor@8=2/3 MRR=1.000  防衛省の「女性職員活躍とワークライフバランス推進のための…
[Q102] C1 Coverage@8=1.00 (1/1) Anchor@8=4/4 MRR=1.000  防衛装備移転三原則の三つの原則は、それぞれ何を定めていま…
[Q103] C1 Coverage@8=1.00 (1/1) Anchor@8=2/3 MRR=1.000  白書の凡例では、いくつの用語について略称を定めていますか…
[Q104] C1 Coverage@8=1.00 (1/1) Anchor@8=1/3 MRR=0.333  資料編には資料が全部でいくつ収められていますか。最初の資…
[Q105] C1 Coverage@8=0.67 (4/6) Anchor@8=1/4 MRR=1.000  白書のコラムのうち「視点」は何本あり、それぞれのタイトル…
[Q106] C1 Coverage@8=0.40 (2/5) Anchor@8=3/5 MRR=0.500  第Ⅴ部第1章はいくつの節に分かれていますか。各節の題名を…
[Q107] C1 Coverage@8=0.50 (3/6) Anchor@8=6/6 MRR=0.500  第Ⅲ部第2章「日米同盟」はいくつの節で構成されていますか…
[Q108] C1 Coverage@8=0.50 (2/4) Anchor@8=3/5 MRR=0.500  第Ⅳ部第3章「人的基盤強化のための各種施策」はいくつの節…
[Q109] C1 Coverage@8=1.00 (1/1) Anchor@8=1/3 MRR=1.000  2014年7月1日の閣議決定で示された「武力の行使」の三…
[Q110] C1 Coverage@8=1.00 (2/2) Anchor@8=2/3 MRR=1.000  わが国が憲法のもとで従ってきた防衛の基本政策には、どのよ…
[Q111] C1 Coverage@8=1.00 (1/1) Anchor@8=2/3 MRR=1.000  地方防衛局は全国にいくつ設置されていますか。所在地をすべ…
[Q112] C1 Coverage@8=1.00 (1/1) Anchor@8=4/4 MRR=1.000  防衛省・自衛隊が本来任務として行う国際平和協力活動には、…
[Q113] C1 Coverage@8=0.67 (4/6) Anchor@8=3/5 MRR=1.000  巻末資料「平和を仕事にする」には、どのような資料が収めら…
[Q114] C4 Coverage@8=1.00 (1/1) Anchor@8=3/4 MRR=1.000  解説コラム「わが国周辺におけるミサイル脅威の高まり」の要…
[Q115] C4 Coverage@8=1.00 (1/1) Anchor@8=3/4 MRR=0.500  視点コラム「トランプ政権後の米国の安全保障戦略の見通し」…
[Q116] C4 Coverage@8=1.00 (1/1) Anchor@8=4/4 MRR=1.000  視点コラム「台湾をめぐる中国の軍事動向」は、中国軍の台湾…
[Q117] C4 Coverage@8=1.00 (1/1) Anchor@8=3/4 MRR=1.000  解説コラム「北朝鮮とロシアの軍事協力の進展」の要点を、白…
[Q118] C4 Coverage@8=1.00 (1/1) Anchor@8=1/4 MRR=1.000  解説コラム「わが国周辺におけるロシアの軍事動向」は、ロシ…
[Q119] C4 Coverage@8=1.00 (1/1) Anchor@8=0/4 MRR=0.500  視点コラム「イスラエル・パレスチナ武装勢力間の衝突に起因…
[Q120] C4 Coverage@8=1.00 (1/1) Anchor@8=4/4 MRR=1.000  解説コラム「反撃能力」は、反撃能力をどのようなものと説明…
[Q121] C4 Coverage@8=1.00 (1/1) Anchor@8=3/4 MRR=1.000  視点コラム「抑止力の意義」は、抑止をどのように分類し、何…
[Q122] C4 Coverage@8=1.00 (1/1) Anchor@8=3/4 MRR=1.000  解説コラム「尖閣諸島について」は、わが国の立場と中国の主…
[Q123] C4 Coverage@8=1.00 (1/1) Anchor@8=1/4 MRR=1.000  視点コラム「認知領域における戦い」は、認知領域における戦…
[Q124] C4 Coverage@8=1.00 (1/1) Anchor@8=4/4 MRR=1.000  解説コラム「自衛隊海上輸送群の新編」の要点をまとめてくだ…
[Q125] C4 Coverage@8=1.00 (1/1) Anchor@8=2/4 MRR=0.500  第Ⅲ部第2章第1節「日米安全保障体制の概要」は、日米安保…
[Q126] C4 Coverage@8=1.00 (1/1) Anchor@8=2/4 MRR=1.000  同盟調整メカニズム（ACM）とは何ですか。設置の経緯・構…
[Q127] C4 Coverage@8=1.00 (1/1) Anchor@8=1/4 MRR=1.000  解説コラム「普天間飛行場代替施設建設事業にかかる地盤改良…
[Q128] C4 Coverage@8=1.00 (1/1) Anchor@8=3/4 MRR=1.000  解説コラム「米軍那覇港湾施設の移設」の要点をまとめてくだ…
[Q129] C4 Coverage@8=1.00 (1/1) Anchor@8=3/4 MRR=1.000  解説コラム「在沖米海兵隊のグアム移転開始」の要点をまとめ…
[Q130] C4 Coverage@8=1.00 (1/1) Anchor@8=2/4 MRR=0.500  解説コラム「令和6年度日米共同統合演習（実動演習）『キー…
[Q131] C4 Coverage@8=1.00 (1/1) Anchor@8=3/4 MRR=1.000  解説コラム「G7国防相会合、NATO国防相会合への日本初…
[Q132] C4 Coverage@8=1.00 (1/1) Anchor@8=0/4 MRR=1.000  解説コラム「防衛省によるウクライナ支援の実績」の要点をま…
[Q133] C4 Coverage@8=1.00 (1/1) Anchor@8=3/4 MRR=1.000  第Ⅲ部第3章第3節「軍備管理・軍縮や不拡散への取組」のう…
[Q134] C4 Coverage@8=1.00 (1/1) Anchor@8=3/4 MRR=0.500  第Ⅳ部第4章第1節「衛生機能の変革」は、自衛隊衛生をどう…
[Q135] C4 Coverage@8=1.00 (1/1) Anchor@8=3/4 MRR=0.500  第Ⅳ部第4章第2節「政策立案機能の強化」の要点をまとめて…
[Q136] C4 Coverage@8=1.00 (2/2) Anchor@8=4/4 MRR=0.250  第Ⅳ部「自衛隊員の能力を発揮するための基盤の強化」のダイ…
[Q137] C4 Coverage@8=1.00 (1/1) Anchor@8=3/4 MRR=1.000  解説コラム「防衛装備移転円滑化基金の意義」の要点をまとめ…
[Q138] C4 Coverage@8=1.00 (1/1) Anchor@8=4/4 MRR=1.000  解説コラム「防衛イノベーション科学技術研究所の創設」の要…
[Q139] C4 Coverage@8=1.00 (1/1) Anchor@8=1/4 MRR=0.500  第Ⅴ部第2章第2節「気候変動などの環境問題への対応」を要…
[Q140] C4 Coverage@8=1.00 (1/1) Anchor@8=3/4 MRR=0.500  第Ⅴ部第2章第3節「情報発信や公文書管理・情報公開など」…
[Q141] C4 Coverage@8=1.00 (1/1) Anchor@8=4/4 MRR=1.000  解説コラム「オリンピックと自衛隊体育学校の取組」の要点を…
[Q142] C5 Coverage@8=1.00 (1/1) Anchor@8=3/3 MRR=1.000  ウクライナ侵略を受けた欧州情勢の変化について、白書はわが…
[Q143] C5 Coverage@8=1.00 (2/2) Anchor@8=0/3 MRR=1.000  第2期トランプ政権の安全保障政策について、白書は今後どの…
[Q144] C5 Coverage@8=1.00 (1/1) Anchor@8=1/3 MRR=0.500  米国の核軍備管理と2026会計年度の国防予算について、白…
[Q145] C5 Coverage@8=1.00 (1/1) Anchor@8=3/3 MRR=1.000  中国の公表国防予算について、白書は過去の推移をどう示し、…
[Q146] C5 Coverage@8=1.00 (1/1) Anchor@8=2/3 MRR=1.000  中国のミサイル防衛について、白書は今後の動向を注視すべき…
[Q147] C5 Coverage@8=1.00 (1/1) Anchor@8=1/3 MRR=1.000  中国軍の海空域における活動と国防教育の強化について、白書…
[Q148] C5 Coverage@8=1.00 (1/1) Anchor@8=3/3 MRR=0.333  北朝鮮の「極超音速ミサイル」と称する弾道ミサイルについて…
[Q149] C5 Coverage@8=1.00 (1/1) Anchor@8=2/3 MRR=1.000  核軍備管理の今後について、白書はどのような見通しを示して…
[Q150] C5 Coverage@8=1.00 (1/1) Anchor@8=1/3 MRR=0.333  ロシアと中国、ロシアとインドの関係について、白書は今後ど…
[Q151] C5 Coverage@8=0.00 (0/2) Anchor@8=1/3 MRR=0.000  自衛官などの人材確保について、白書は今後の見通しと、これ…
[Q152] C5 Coverage@8=1.00 (2/2) Anchor@8=3/3 MRR=1.000  装備品の可動状況について、白書は現状の問題点と今後の目標…
[Q153] C5 Coverage@8=0.67 (2/3) Anchor@8=0/3 MRR=0.500  次期戦闘機（GCAP）の開発体制について、白書は今後の見…
[Q154] C5 Coverage@8=0.67 (2/3) Anchor@8=1/3 MRR=0.500  わが国の防衛産業について、白書は今後どのような姿を目指す…
[Q155] C5 Coverage@8=1.00 (1/1) Anchor@8=2/3 MRR=1.000  気候変動などの環境問題への対応について、白書は今後の取組…
[Q156] C5 Coverage@8=1.00 (1/1) Anchor@8=3/3 MRR=1.000  北欧諸国との防衛協力について、白書は今後の進展をどのよう…
[Q157] C6 Coverage@8=1.00 (2/2) Anchor@8=2/2 MRR=1.000  2025年3月に新設された統合作戦司令部の定員は何人です…
[Q158] C6 Coverage@8=1.00 (2/2) Anchor@8=1/1 MRR=0.250  2025年度の防衛関係費の概算要求額はいくらでしたか。…
[Q159] C6 Coverage@8=0.50 (1/2) Anchor@8=1/1 MRR=0.333  白書の巻末資料に載っているF-35A戦闘機について、1機…
[Q160] C6 Coverage@8=1.00 (1/1) Anchor@8=2/2 MRR=1.000  自衛官の平均年収はいくらと白書に記載されていますか。…
[Q161] C6 Coverage@8=0.50 (1/2) Anchor@8=0/2 MRR=0.167  自衛官の離職率は何％と白書に記載されていますか。…
[Q162] C6 Coverage@8=1.00 (2/2) Anchor@8=2/2 MRR=1.000  自衛官の定員は何人と白書に記載されていますか。…
[Q163] C6 Coverage@8=1.00 (2/2) Anchor@8=1/2 MRR=0.333  自衛隊の装備品の可動率は何％と白書に記載されていますか。…
[Q164] C6 Coverage@8=0.50 (1/2) Anchor@8=1/2 MRR=0.500  次期戦闘機は何年度から部隊に配備される予定と白書は述べて…
[Q165] C6 Coverage@8=0.00 (0/1) Anchor@8=0/2 MRR=0.000  白書は、米国との核シェアリング（核共有）の導入についてど…
[Q166] C6 Coverage@8=0.00 (0/3) Anchor@8=0/2 MRR=0.000  防衛省・自衛隊が業務に導入している生成AIの製品名（サー…
[Q167] C6 Coverage@8=1.00 (2/2) Anchor@8=2/2 MRR=0.500  白書は、中国の実際の国防支出は公表国防予算よりいくら多い…
[Q168] C6 Coverage@8=1.00 (2/2) Anchor@8=1/2 MRR=1.000  自衛隊施設の老朽化対策としての建替えは、いつまでに完了す…

=== retrieval 指標（gold ページ方式 / n=166問, gold無しのunanswerable 0問は除外） ===
   k  Coverage  All-Hit  HitRate     MRR    nDCG
   4     0.866    0.795    0.946   0.815   0.792
   8     0.900    0.825    0.970   0.801   0.788
  16     0.898    0.819    0.964   0.785   0.771
  32     0.921    0.843    0.982   0.792   0.780

=== retrieval 指標（アンカー方式 / n=165問） ===
   k  Coverage  All-Hit  HitRate     MRR
   4     0.666    0.406    0.909   0.787
   8     0.716    0.467    0.921   0.778
  16     0.708    0.455    0.921   0.762
  32     0.703    0.467    0.921   0.762

=== カテゴリ別 Coverage@8 / Coverage@32（ページ方式） ===
  C1 集約・構成         : @8=0.835  @32=0.886  (n=24)
  C2 マルチホップ        : @8=0.932  @32=0.932  (n=49)
  C3 比較            : @8=0.931  @32=0.963  (n=32)
  C4 要約            : @8=0.983  @32=0.983  (n=30)
  C5 推論・含意         : @8=0.863  @32=0.892  (n=17)
  C6 unanswerable  : @8=0.696  @32=0.744  (n=14)

=== カテゴリ別 anchor_coverage@8 / @32（★アンカー方式・主指標） ===
  C1 集約・構成         : @8=0.741  @32=0.789  (n=24)
  C2 マルチホップ        : @8=0.760  @32=0.724  (n=49)
  C3 比較            : @8=0.792  @32=0.828  (n=32)
  C4 要約            : @8=0.667  @32=0.575  (n=30)
  C5 推論・含意         : @8=0.569  @32=0.569  (n=17)
  C6 unanswerable  : @8=0.628  @32=0.628  (n=13)

=== 設問別: k を増やしたときの anchor_coverage の伸び（★投資判断の根拠／アンカー方式） ===
ID   cat    a@4   a@8  a@16  a@32 |   p@8   p@32 | 判定
Q01  C1    0.20  0.40  0.40  0.40 |  0.22   0.22 | ★kを増やしても取れない＝索引・チャンク分割の問題
Q02  C1    0.33  0.33  0.67  0.67 |  0.25   0.50 | ★kを増やせば取れる＝ランキングの問題
Q03  C1    1.00  1.00  1.00  1.00 |  0.83   1.00 | 既に全anchor取得済み(@8)
Q04  C1    1.00  1.00  1.00  1.00 |  1.00   1.00 | 既に全anchor取得済み(@8)
Q05  C2    0.67  0.67  0.67  0.67 |  0.67   0.67 | ★kを増やしても取れない＝索引・チャンク分割の問題
Q06  C2    1.00  1.00  1.00  1.00 |  0.50   0.50 | 既に全anchor取得済み(@8)
Q07  C2    1.00  1.00  1.00  1.00 |  1.00   1.00 | 既に全anchor取得済み(@8)
Q08  C2    1.00  1.00  1.00  1.00 |  1.00   1.00 | 既に全anchor取得済み(@8)
Q09  C2    0.75  1.00  0.75  0.75 |  1.00   1.00 | 既に全anchor取得済み(@8)
Q10  C3    0.67  0.67  1.00  1.00 |  0.80   0.80 | ★kを増やせば取れる＝ランキングの問題
Q11  C3    1.00  1.00  1.00  1.00 |  1.00   1.00 | 既に全anchor取得済み(@8)
Q12  C3    0.00  0.00  0.00  0.00 |  1.00   1.00 | ★kを増やしても取れない＝索引・チャンク分割の問題
Q13  C4    0.25  0.75  0.50  0.50 |  0.50   0.50 | ★kを増やしても取れない＝索引・チャンク分割の問題
Q15  C4    1.00  1.00  1.00  1.00 |  1.00   1.00 | 既に全anchor取得済み(@8)
Q16  C5    0.00  0.00  0.00  0.00 |  0.33   0.00 | ★kを増やしても取れない＝索引・チャンク分割の問題
Q17  C5    1.00  1.00  0.33  0.33 |  1.00   0.50 | 既に全anchor取得済み(@8)
Q20  C6    0.67  0.67  0.67  0.67 |  1.00   1.00 | ★kを増やしても取れない＝索引・チャンク分割の問題
Q021 C2    0.50  0.75  0.50  0.50 |  1.00   0.50 | ★kを増やしても取れない＝索引・チャンク分割の問題
Q022 C2    1.00  0.50  0.50  0.50 |  1.00   1.00 | ★kを増やしても取れない＝索引・チャンク分割の問題
Q023 C2    0.75  0.75  0.50  0.50 |  1.00   1.00 | ★kを増やしても取れない＝索引・チャンク分割の問題
Q024 C2    0.25  1.00  1.00  0.50 |  1.00   1.00 | 既に全anchor取得済み(@8)
Q025 C2    0.75  0.75  0.75  0.75 |  1.00   1.00 | ★kを増やしても取れない＝索引・チャンク分割の問題
Q026 C2    0.50  0.25  0.00  0.50 |  1.00   1.00 | ★kを増やせば取れる＝ランキングの問題
Q027 C2    0.50  1.00  1.00  1.00 |  1.00   1.00 | 既に全anchor取得済み(@8)
Q028 C2    1.00  1.00  1.00  1.00 |  1.00   1.00 | 既に全anchor取得済み(@8)
Q029 C2    1.00  1.00  1.00  1.00 |  1.00   1.00 | 既に全anchor取得済み(@8)
Q030 C2    1.00  0.75  0.75  0.75 |  1.00   1.00 | ★kを増やしても取れない＝索引・チャンク分割の問題
Q031 C2    0.33  0.33  0.67  0.33 |  0.50   1.00 | ★kを増やしても取れない＝索引・チャンク分割の問題
Q032 C2    0.50  0.50  0.50  0.75 |  1.00   1.00 | ★kを増やせば取れる＝ランキングの問題
Q033 C2    0.33  1.00  1.00  1.00 |  1.00   1.00 | 既に全anchor取得済み(@8)
Q034 C2    1.00  0.75  0.75  1.00 |  1.00   1.00 | ★kを増やせば取れる＝ランキングの問題
Q035 C2    0.25  1.00  1.00  1.00 |  1.00   1.00 | 既に全anchor取得済み(@8)
Q036 C2    1.00  0.67  0.67  0.67 |  1.00   1.00 | ★kを増やしても取れない＝索引・チャンク分割の問題
Q037 C2    0.67  0.67  0.67  0.00 |  0.50   0.50 | ★kを増やしても取れない＝索引・チャンク分割の問題
Q038 C2    0.67  1.00  0.67  1.00 |  1.00   1.00 | 既に全anchor取得済み(@8)
Q039 C2    1.00  1.00  1.00  1.00 |  1.00   1.00 | 既に全anchor取得済み(@8)
Q040 C2    0.33  0.00  0.00  0.00 |  1.00   1.00 | ★kを増やしても取れない＝索引・チャンク分割の問題
Q041 C2    0.33  0.33  0.33  0.33 |  1.00   1.00 | ★kを増やしても取れない＝索引・チャンク分割の問題
Q042 C2    0.75  1.00  1.00  1.00 |  1.00   1.00 | 既に全anchor取得済み(@8)
Q043 C2    1.00  1.00  1.00  1.00 |  1.00   1.00 | 既に全anchor取得済み(@8)
Q044 C2    1.00  1.00  0.75  0.75 |  1.00   1.00 | 既に全anchor取得済み(@8)
Q045 C2    1.00  1.00  1.00  0.33 |  1.00   0.50 | 既に全anchor取得済み(@8)
Q046 C2    1.00  1.00  1.00  1.00 |  1.00   1.00 | 既に全anchor取得済み(@8)
Q047 C2    1.00  1.00  1.00  1.00 |  1.00   1.00 | 既に全anchor取得済み(@8)
Q048 C2    0.50  0.75  0.50  0.50 |  1.00   1.00 | ★kを増やしても取れない＝索引・チャンク分割の問題
Q049 C2    0.50  1.00  1.00  1.00 |  1.00   1.00 | 既に全anchor取得済み(@8)
Q050 C2    0.67  0.67  0.67  1.00 |  0.50   1.00 | ★kを増やせば取れる＝ランキングの問題
Q051 C2    0.67  0.67  0.67  0.67 |  1.00   1.00 | ★kを増やしても取れない＝索引・チャンク分割の問題
Q052 C2    1.00  1.00  0.67  0.67 |  1.00   1.00 | 既に全anchor取得済み(@8)
Q053 C2    0.00  0.00  0.00  0.00 |  1.00   1.00 | ★kを増やしても取れない＝索引・チャンク分割の問題
Q054 C2    1.00  0.75  0.75  1.00 |  1.00   1.00 | ★kを増やせば取れる＝ランキングの問題
Q055 C2    0.67  1.00  1.00  1.00 |  1.00   1.00 | 既に全anchor取得済み(@8)
Q056 C2    1.00  0.67  1.00  1.00 |  1.00   1.00 | ★kを増やせば取れる＝ランキングの問題
Q057 C2    1.00  1.00  1.00  1.00 |  1.00   1.00 | 既に全anchor取得済み(@8)
Q058 C2    0.25  0.25  0.25  0.25 |  1.00   1.00 | ★kを増やしても取れない＝索引・チャンク分割の問題
Q059 C2    1.00  1.00  1.00  1.00 |  1.00   1.00 | 既に全anchor取得済み(@8)
Q060 C2    0.33  0.33  0.33  0.33 |  1.00   1.00 | ★kを増やしても取れない＝索引・チャンク分割の問題
Q061 C2    1.00  1.00  1.00  1.00 |  1.00   1.00 | 既に全anchor取得済み(@8)
Q062 C2    0.25  0.25  0.25  0.25 |  0.50   0.50 | ★kを増やしても取れない＝索引・チャンク分割の問題
Q063 C2    0.25  0.25  0.25  0.25 |  0.50   0.50 | ★kを増やしても取れない＝索引・チャンク分割の問題
Q064 C2    0.50  1.00  1.00  1.00 |  1.00   1.00 | 既に全anchor取得済み(@8)
Q065 C3    0.25  0.25  0.75  0.25 |  1.00   1.00 | ★kを増やしても取れない＝索引・チャンク分割の問題
Q066 C3    1.00  1.00  1.00  1.00 |  1.00   1.00 | 既に全anchor取得済み(@8)
Q067 C3    1.00  1.00  1.00  1.00 |  1.00   1.00 | 既に全anchor取得済み(@8)
Q068 C3    1.00  1.00  1.00  1.00 |  1.00   1.00 | 既に全anchor取得済み(@8)
Q069 C3    1.00  1.00  1.00  1.00 |  0.00   0.00 | 既に全anchor取得済み(@8)
Q070 C3    1.00  1.00  1.00  1.00 |  1.00   1.00 | 既に全anchor取得済み(@8)
Q071 C3    0.33  0.33  0.33  0.33 |  1.00   1.00 | ★kを増やしても取れない＝索引・チャンク分割の問題
Q072 C3    0.75  1.00  1.00  1.00 |  1.00   1.00 | 既に全anchor取得済み(@8)
Q073 C3    1.00  1.00  1.00  1.00 |  1.00   1.00 | 既に全anchor取得済み(@8)
Q074 C3    0.75  0.75  0.75  0.75 |  1.00   1.00 | ★kを増やしても取れない＝索引・チャンク分割の問題
Q075 C3    1.00  1.00  1.00  1.00 |  1.00   1.00 | 既に全anchor取得済み(@8)
Q076 C3    1.00  1.00  1.00  1.00 |  0.00   1.00 | 既に全anchor取得済み(@8)
Q077 C3    1.00  1.00  1.00  1.00 |  1.00   1.00 | 既に全anchor取得済み(@8)
Q078 C3    1.00  1.00  1.00  1.00 |  1.00   1.00 | 既に全anchor取得済み(@8)
Q079 C3    1.00  1.00  1.00  1.00 |  1.00   1.00 | 既に全anchor取得済み(@8)
Q080 C3    0.75  0.50  0.75  1.00 |  1.00   1.00 | ★kを増やせば取れる＝ランキングの問題
Q081 C3    0.75  0.00  0.25  0.25 |  1.00   1.00 | ★kを増やせば取れる＝ランキングの問題
Q082 C3    1.00  1.00  1.00  1.00 |  1.00   1.00 | 既に全anchor取得済み(@8)
Q083 C3    0.50  0.50  0.50  0.50 |  1.00   1.00 | ★kを増やしても取れない＝索引・チャンク分割の問題
Q084 C3    1.00  0.00  0.00  0.00 |  1.00   1.00 | ★kを増やしても取れない＝索引・チャンク分割の問題
Q085 C3    1.00  1.00  1.00  1.00 |  1.00   1.00 | 既に全anchor取得済み(@8)
Q086 C3    1.00  1.00  1.00  1.00 |  1.00   1.00 | 既に全anchor取得済み(@8)
Q087 C3    0.75  1.00  1.00  1.00 |  1.00   1.00 | 既に全anchor取得済み(@8)
Q088 C3    1.00  1.00  1.00  1.00 |  1.00   1.00 | 既に全anchor取得済み(@8)
Q089 C3    0.75  1.00  1.00  1.00 |  1.00   1.00 | 既に全anchor取得済み(@8)
Q090 C3    0.33  0.33  0.67  0.67 |  1.00   1.00 | ★kを増やせば取れる＝ランキングの問題
Q091 C3    1.00  1.00  1.00  1.00 |  1.00   1.00 | 既に全anchor取得済み(@8)
Q092 C3    1.00  1.00  1.00  1.00 |  1.00   1.00 | 既に全anchor取得済み(@8)
Q093 C3    0.50  1.00  1.00  0.75 |  1.00   1.00 | 既に全anchor取得済み(@8)
Q094 C1    1.00  0.67  0.67  0.67 |  1.00   1.00 | ★kを増やしても取れない＝索引・チャンク分割の問題
Q095 C1    1.00  1.00  1.00  1.00 |  1.00   1.00 | 既に全anchor取得済み(@8)
Q096 C1    1.00  1.00  1.00  1.00 |  1.00   1.00 | 既に全anchor取得済み(@8)
Q097 C1    1.00  1.00  1.00  1.00 |  1.00   1.00 | 既に全anchor取得済み(@8)
Q098 C1    1.00  1.00  1.00  1.00 |  1.00   1.00 | 既に全anchor取得済み(@8)
Q099 C1    1.00  1.00  1.00  1.00 |  1.00   1.00 | 既に全anchor取得済み(@8)
Q100 C1    0.75  1.00  1.00  1.00 |  1.00   1.00 | 既に全anchor取得済み(@8)
Q101 C1    0.67  0.67  0.67  0.67 |  1.00   1.00 | ★kを増やしても取れない＝索引・チャンク分割の問題
Q102 C1    1.00  1.00  1.00  1.00 |  1.00   1.00 | 既に全anchor取得済み(@8)
Q103 C1    0.67  0.67  1.00  0.67 |  1.00   1.00 | ★kを増やしても取れない＝索引・チャンク分割の問題
Q104 C1    0.33  0.33  0.33  0.33 |  1.00   1.00 | ★kを増やしても取れない＝索引・チャンク分割の問題
Q105 C1    0.00  0.25  0.25  0.00 |  0.67   0.67 | ★kを増やしても取れない＝索引・チャンク分割の問題
Q106 C1    0.20  0.60  1.00  1.00 |  0.40   0.80 | ★kを増やせば取れる＝ランキングの問題
Q107 C1    0.67  1.00  1.00  1.00 |  0.50   0.67 | 既に全anchor取得済み(@8)
Q108 C1    0.60  0.60  0.60  0.60 |  0.50   0.75 | ★kを増やしても取れない＝索引・チャンク分割の問題
Q109 C1    0.33  0.33  1.00  1.00 |  1.00   1.00 | ★kを増やせば取れる＝ランキングの問題
Q110 C1    1.00  0.67  0.67  0.67 |  1.00   1.00 | ★kを増やしても取れない＝索引・チャンク分割の問題
Q111 C1    0.67  0.67  0.67  0.67 |  1.00   1.00 | ★kを増やしても取れない＝索引・チャンク分割の問題
Q112 C1    0.75  1.00  1.00  1.00 |  1.00   1.00 | 既に全anchor取得済み(@8)
Q113 C1    0.20  0.60  0.60  0.60 |  0.67   0.67 | ★kを増やしても取れない＝索引・チャンク分割の問題
Q114 C4    0.25  0.75  0.25  0.25 |  1.00   1.00 | ★kを増やしても取れない＝索引・チャンク分割の問題
Q115 C4    0.75  0.75  0.75  0.75 |  1.00   1.00 | ★kを増やしても取れない＝索引・チャンク分割の問題
Q116 C4    1.00  1.00  1.00  1.00 |  1.00   1.00 | 既に全anchor取得済み(@8)
Q117 C4    0.50  0.75  0.75  0.50 |  1.00   1.00 | ★kを増やしても取れない＝索引・チャンク分割の問題
Q118 C4    0.50  0.25  0.25  0.25 |  1.00   1.00 | ★kを増やしても取れない＝索引・チャンク分割の問題
Q119 C4    0.00  0.00  0.00  0.00 |  1.00   1.00 | ★kを増やしても取れない＝索引・チャンク分割の問題
Q120 C4    1.00  1.00  0.50  0.50 |  1.00   1.00 | 既に全anchor取得済み(@8)
Q121 C4    0.50  0.75  0.75  0.75 |  1.00   1.00 | ★kを増やしても取れない＝索引・チャンク分割の問題
Q122 C4    0.75  0.75  0.75  0.75 |  1.00   1.00 | ★kを増やしても取れない＝索引・チャンク分割の問題
Q123 C4    0.25  0.25  0.00  0.00 |  1.00   1.00 | ★kを増やしても取れない＝索引・チャンク分割の問題
Q124 C4    1.00  1.00  1.00  1.00 |  1.00   1.00 | 既に全anchor取得済み(@8)
Q125 C4    0.00  0.50  0.25  0.25 |  1.00   1.00 | ★kを増やしても取れない＝索引・チャンク分割の問題
Q126 C4    0.50  0.50  0.50  0.25 |  1.00   1.00 | ★kを増やしても取れない＝索引・チャンク分割の問題
Q127 C4    0.00  0.25  0.25  0.25 |  1.00   1.00 | ★kを増やしても取れない＝索引・チャンク分割の問題
Q128 C4    1.00  0.75  0.75  0.75 |  1.00   1.00 | ★kを増やしても取れない＝索引・チャンク分割の問題
Q129 C4    1.00  0.75  0.75  0.75 |  1.00   1.00 | ★kを増やしても取れない＝索引・チャンク分割の問題
Q130 C4    0.50  0.50  0.50  0.50 |  1.00   1.00 | ★kを増やしても取れない＝索引・チャンク分割の問題
Q131 C4    0.75  0.75  0.75  0.75 |  1.00   1.00 | ★kを増やしても取れない＝索引・チャンク分割の問題
Q132 C4    0.00  0.00  0.00  0.25 |  1.00   1.00 | ★kを増やせば取れる＝ランキングの問題
Q133 C4    1.00  0.75  0.75  0.75 |  1.00   1.00 | ★kを増やしても取れない＝索引・チャンク分割の問題
Q134 C4    0.50  0.75  1.00  1.00 |  1.00   1.00 | ★kを増やせば取れる＝ランキングの問題
Q135 C4    1.00  0.75  0.75  0.75 |  1.00   1.00 | ★kを増やしても取れない＝索引・チャンク分割の問題
Q136 C4    0.50  1.00  0.75  0.75 |  1.00   1.00 | 既に全anchor取得済み(@8)
Q137 C4    0.75  0.75  0.50  0.50 |  1.00   1.00 | ★kを増やしても取れない＝索引・チャンク分割の問題
Q138 C4    1.00  1.00  1.00  1.00 |  1.00   1.00 | 既に全anchor取得済み(@8)
Q139 C4    0.75  0.25  0.25  0.25 |  1.00   1.00 | ★kを増やしても取れない＝索引・チャンク分割の問題
Q140 C4    0.25  0.75  0.25  0.25 |  1.00   1.00 | ★kを増やしても取れない＝索引・チャンク分割の問題
Q141 C4    1.00  1.00  1.00  1.00 |  1.00   1.00 | 既に全anchor取得済み(@8)
Q142 C5    0.67  1.00  0.67  0.67 |  1.00   1.00 | 既に全anchor取得済み(@8)
Q143 C5    0.00  0.00  0.00  0.00 |  1.00   1.00 | ★kを増やしても取れない＝索引・チャンク分割の問題
Q144 C5    0.67  0.33  0.33  0.33 |  1.00   1.00 | ★kを増やしても取れない＝索引・チャンク分割の問題
Q145 C5    1.00  1.00  1.00  1.00 |  1.00   1.00 | 既に全anchor取得済み(@8)
Q146 C5    0.67  0.67  1.00  1.00 |  1.00   1.00 | ★kを増やせば取れる＝ランキングの問題
Q147 C5    0.33  0.33  0.33  0.33 |  1.00   1.00 | ★kを増やしても取れない＝索引・チャンク分割の問題
Q148 C5    1.00  1.00  1.00  1.00 |  1.00   1.00 | 既に全anchor取得済み(@8)
Q149 C5    0.67  0.67  0.67  0.67 |  1.00   1.00 | ★kを増やしても取れない＝索引・チャンク分割の問題
Q150 C5    0.33  0.33  0.33  0.33 |  1.00   1.00 | ★kを増やしても取れない＝索引・チャンク分割の問題
Q151 C5    0.33  0.33  0.33  0.33 |  0.00   1.00 | ★kを増やしても取れない＝索引・チャンク分割の問題
Q152 C5    1.00  1.00  1.00  1.00 |  1.00   1.00 | 既に全anchor取得済み(@8)
Q153 C5    0.33  0.00  0.33  0.67 |  0.67   1.00 | ★kを増やせば取れる＝ランキングの問題
Q154 C5    0.33  0.33  0.33  0.33 |  0.67   0.67 | ★kを増やしても取れない＝索引・チャンク分割の問題
Q155 C5    0.67  0.67  0.67  0.67 |  1.00   1.00 | ★kを増やしても取れない＝索引・チャンク分割の問題
Q156 C5    0.67  1.00  1.00  1.00 |  1.00   1.00 | 既に全anchor取得済み(@8)
Q157 C6    0.50  1.00  0.50  0.50 |  1.00   1.00 | 既に全anchor取得済み(@8)
Q158 C6    0.00  1.00  1.00  1.00 |  1.00   1.00 | 既に全anchor取得済み(@8)
Q159 C6    0.00  1.00  1.00  1.00 |  0.50   1.00 | 既に全anchor取得済み(@8)
Q160 C6    1.00  1.00  1.00  1.00 |  1.00   1.00 | 既に全anchor取得済み(@8)
Q161 C6    0.00  0.00  0.00  1.00 |  0.50   0.50 | ★kを増やせば取れる＝ランキングの問題
Q162 C6    0.50  1.00  0.50  0.50 |  1.00   0.50 | 既に全anchor取得済み(@8)
Q163 C6    0.50  0.50  0.50  0.00 |  1.00   0.50 | ★kを増やしても取れない＝索引・チャンク分割の問題
Q164 C6    0.00  0.50  1.00  1.00 |  0.50   1.00 | ★kを増やせば取れる＝ランキングの問題
Q165 C6    0.00  0.00  0.00  0.00 |  0.00   0.00 | ★kを増やしても取れない＝索引・チャンク分割の問題
Q166 C6    0.00  0.00  0.00  0.00 |  0.00   0.67 | ★kを増やしても取れない＝索引・チャンク分割の問題
Q167 C6    1.00  1.00  1.00  1.00 |  1.00   1.00 | 既に全anchor取得済み(@8)
Q168 C6    1.00  0.50  0.50  0.50 |  1.00   1.00 | ★kを増やしても取れない＝索引・チャンク分割の問題

  @8で全anchor取得済み          : 77問 ['Q03', 'Q04', 'Q06', 'Q07', 'Q08', 'Q09', 'Q11', 'Q15', 'Q17', 'Q024', 'Q027', 'Q028', 'Q029', 'Q033', 'Q035', 'Q038', 'Q039', 'Q042', 'Q043', 'Q044', 'Q045', 'Q046', 'Q047', 'Q049', 'Q052', 'Q055', 'Q057', 'Q059', 'Q061', 'Q064', 'Q066', 'Q067', 'Q068', 'Q069', 'Q070', 'Q072', 'Q073', 'Q075', 'Q076', 'Q077', 'Q078', 'Q079', 'Q082', 'Q085', 'Q086', 'Q087', 'Q088', 'Q089', 'Q091', 'Q092', 'Q093', 'Q095', 'Q096', 'Q097', 'Q098', 'Q099', 'Q100', 'Q102', 'Q107', 'Q112', 'Q116', 'Q120', 'Q124', 'Q136', 'Q138', 'Q141', 'Q142', 'Q145', 'Q148', 'Q152', 'Q156', 'Q157', 'Q158', 'Q159', 'Q160', 'Q162', 'Q167']
  kを増やせば取れる(ランキング) : 19問 ['Q02', 'Q10', 'Q026', 'Q032', 'Q034', 'Q050', 'Q054', 'Q056', 'Q080', 'Q081', 'Q090', 'Q106', 'Q109', 'Q132', 'Q134', 'Q146', 'Q153', 'Q161', 'Q164']
  kを増やしても取れない(索引)   : 69問 ['Q01', 'Q05', 'Q12', 'Q13', 'Q16', 'Q20', 'Q021', 'Q022', 'Q023', 'Q025', 'Q030', 'Q031', 'Q036', 'Q037', 'Q040', 'Q041', 'Q048', 'Q051', 'Q053', 'Q058', 'Q060', 'Q062', 'Q063', 'Q065', 'Q071', 'Q074', 'Q083', 'Q084', 'Q094', 'Q101', 'Q103', 'Q104', 'Q105', 'Q108', 'Q110', 'Q111', 'Q113', 'Q114', 'Q115', 'Q117', 'Q118', 'Q119', 'Q121', 'Q122', 'Q123', 'Q125', 'Q126', 'Q127', 'Q128', 'Q129', 'Q130', 'Q131', 'Q133', 'Q135', 'Q137', 'Q139', 'Q140', 'Q143', 'Q144', 'Q147', 'Q149', 'Q150', 'Q151', 'Q154', 'Q155', 'Q163', 'Q165', 'Q166', 'Q168']  ← この件数が Phase E（チャンク構造化）の投資判断の根拠
  ※ p@8 / p@32 はページ方式の参考値。分類には使っていない（A1）

=== 取り切れていない anchor（@32時点）===
  Q01: anchor 2/5件取得（未取得 3件: 防衛目標を実現するための3つのアプローチ, 自衛隊員の能力を発揮するための基盤の強化, 防衛力を維持・強化するために必要な基盤や取組） / 参考: page 2/9件
  Q02: anchor 2/3件取得（未取得 1件: 統合作戦司令部と統合作戦） / 参考: page 2/4件
  Q05: anchor 2/3件取得（未取得 1件: 2025年3月24日） / 参考: page 2/3件
  Q09: anchor 3/4件取得（未取得 1件: 11兆円程度） / 参考: page 3/3件
  Q12: anchor 0/4件取得（未取得 4件: 25,245, 24,491, 18,742, 17,262） / 参考: page 2/2件
  Q13: anchor 2/4件取得（未取得 2件: 若年定年退職者給付金, 30を超える手当） / 参考: page 1/2件
  Q16: anchor 0/3件取得（未取得 3件: 航空宇宙自衛隊（仮称）への改編, 宇宙作戦群を廃止し、宇宙作戦団（仮称）を新編, 2026年度打ち上げ予定） / 参考: page 0/3件
  Q17: anchor 1/3件取得（未取得 2件: 2030年度に運用を終了, 次期防衛通信衛星の整備に着手） / 参考: page 1/2件
  Q20: anchor 2/3件取得（未取得 1件: 2026年度打ち上げ予定） / 参考: page 2/2件
  Q021: anchor 2/4件取得（未取得 2件: 災害派遣総数377件, 318件が救急患者の輸送） / 参考: page 1/2件
  Q022: anchor 2/4件取得（未取得 2件: 米軍等から、初めて警護の要請があった場合, 第三国の領域における警護の要請があった場合） / 参考: page 2/2件
  Q023: anchor 2/4件取得（未取得 2件: 都道府県知事からの要請を受け、事態やむを得ないと認める場合, 退職自衛官を危機管理監） / 参考: page 2/2件
  Q024: anchor 2/4件取得（未取得 2件: 海上警備行動が発令され, 全ての国の船舶を海賊行為から防護） / 参考: page 2/2件
  Q025: anchor 3/4件取得（未取得 1件: 自衛隊法第84条の4に基づき） / 参考: page 3/3件
  Q026: anchor 2/4件取得（未取得 2件: 武器を使用することが許されるとの解釈を明確化, 無人の航空機（気球を含む。）であっても） / 参考: page 2/2件
  Q030: anchor 3/4件取得（未取得 1件: 計23回実施してきた） / 参考: page 2/2件
  Q031: anchor 1/3件取得（未取得 2件: 先端技術への投資のための「研究開発費」, ゲーム・チェンジャーとなりうる技術の早期実用化） / 参考: page 2/2件
  Q032: anchor 3/4件取得（未取得 1件: 強靱なサプライチェーン、労働力の即応性、柔軟な取得、経済的抑止） / 参考: page 2/2件
  Q036: anchor 2/3件取得（未取得 1件: クラスター弾に関する条約） / 参考: page 2/2件
  Q037: anchor 0/3件取得（未取得 3件: 将来的な原子力空母の建造計画が存在するとの指摘, 横須賀海軍施設（神奈川県）に前方展開している原子力空母, 原子炉の修理や燃料交換を行わないこと） / 参考: page 1/2件
  Q040: anchor 0/3件取得（未取得 3件: 合計107台の自衛隊車両および約19万食の非常用糧食, 自衛隊中央病院において, 自衛隊法上の武器に該当しない装備品であれば、総じて移転可能） / 参考: page 2/2件
  Q041: anchor 1/3件取得（未取得 2件: シームレスな医療・後送態勢の強化, 防衛医科大学校の運営の抜本的改革） / 参考: page 2/2件
  Q044: anchor 3/4件取得（未取得 1件: 総合科学技術・イノベーション会議） / 参考: page 2/2件
  Q045: anchor 1/3件取得（未取得 2件: 通常の部品交換の2倍の作業量, 2027年度までに装備品の可動数を最大にする） / 参考: page 1/2件
  Q048: anchor 2/4件取得（未取得 2件: 軍事専門的見地から防衛大臣を補佐する「幕僚機関」, マンダレー国際空港まで） / 参考: page 2/2件
  Q051: anchor 2/3件取得（未取得 1件: 新田原基地（宮崎県）に臨時F-35B飛行隊） / 参考: page 2/2件
  Q052: anchor 2/3件取得（未取得 1件: 防衛研究所にサイバー安全保障研究室を新設） / 参考: page 2/2件
  Q053: anchor 0/3件取得（未取得 3件: 政治プロセスに悪影響を及ぼす、あるいはその可能性のある一連の行動, 情報戦対応の司令塔機能として、情報戦対応班を新設, 陸自情報作戦隊（仮称）、海自情報作戦集団） / 参考: page 2/2件
  Q058: anchor 1/4件取得（未取得 3件: 最大速度約マッハ10で飛翔した可能性, 迎撃高度が十数キロから数十キロに延伸, 防護範囲（面積）がおおむね2倍以上に拡大） / 参考: page 2/2件
  Q060: anchor 1/3件取得（未取得 2件: 防衛イノベーション科学技術研究所（東京都渋谷区）を創設, ブレークスルー研究を行う） / 参考: page 2/2件
  Q062: anchor 1/4件取得（未取得 3件: ヴィジラント・アイルズ24, ダルマ・ガーディアン24, 豪軍およびカナダ軍が参加した） / 参考: page 1/2件
  Q063: anchor 1/4件取得（未取得 3件: 戦傷医療対処能力の向上, 防衛医科大学校における一般診療, 地域の医療を支えている） / 参考: page 1/2件
  Q065: anchor 1/4件取得（未取得 3件: 4,380, 3,708, うち戦術核1,558） / 参考: page 1/1件
  Q071: anchor 1/3件取得（未取得 2件: 約60隻 約50隻 47隻 48隻, 16隻 16隻 16隻 22隻） / 参考: page 1/1件
  Q074: anchor 3/4件取得（未取得 1件: 約476ha：東京ドーム約100個分） / 参考: page 1/1件
  Q081: anchor 1/4件取得（未取得 3件: 約61兆2,469億ウォン, 26年連続で増加, 2024-2028国防中期計画） / 参考: page 2/2件
  Q083: anchor 2/4件取得（未取得 2件: パートナー国以外の国へ, 救難、 輸送、 警戒、 監視および掃海） / 参考: page 1/1件
  Q084: anchor 0/4件取得（未取得 4件: 3つの方向性, 6つの柱, 4つの防衛優先事項, 3つの手段） / 参考: page 1/1件
  Q090: anchor 2/3件取得（未取得 1件: 12個師団 8個師団） / 参考: page 1/1件
  Q093: anchor 3/4件取得（未取得 1件: 省人化した護衛艦） / 参考: page 1/1件
  Q094: anchor 2/3件取得（未取得 1件: 防衛医科大学校の運営の抜本的改革） / 参考: page 1/1件
  Q101: anchor 2/3件取得（未取得 1件: ①テレワークの推進、②ペーパーレス化の推進） / 参考: page 1/1件
  Q103: anchor 2/3件取得（未取得 1件: 15. 国連安全保障理事会 → 国連安保理） / 参考: page 1/1件
  Q104: anchor 1/3件取得（未取得 2件: 資料 1　国家安全保障戦略について, 資料 81　第 22 回シャングリラ会合中谷防衛大臣スピーチ） / 参考: page 1/1件
  Q105: anchor 0/4件取得（未取得 4件: 台湾をめぐる中国の軍事動向, 抑止力の意義, 認知領域における戦い, 防衛研究所の研究者による） / 参考: page 4/6件
  Q108: anchor 3/5件取得（未取得 2件: ハラスメントを一切許容しない環境の構築, 隊員や家族への支援） / 参考: page 3/4件
  Q110: anchor 2/3件取得（未取得 1件: 文民統制の確保） / 参考: page 2/2件
  Q111: anchor 2/3件取得（未取得 1件: 地方協力確保事務） / 参考: page 1/1件
  Q113: anchor 3/5件取得（未取得 2件: 主要装備品の紹介, 陸・海・空自衛隊の編成） / 参考: page 4/6件
  Q114: anchor 1/4件取得（未取得 3件: DF-17の運用を2020年に開始, アヴァンガルド, ツィルコン） / 参考: page 1/1件
  Q115: anchor 3/4件取得（未取得 1件: ミニラテラル） / 参考: page 1/1件
  Q117: anchor 2/4件取得（未取得 2件: クルスク州, 金正恩委員長） / 参考: page 1/1件
  Q118: anchor 1/4件取得（未取得 3件: 「ボレイA」級SSBN, バスチオン, S-400） / 参考: page 1/1件
  Q119: anchor 0/4件取得（未取得 4件: 抵抗の枢軸, ハニーヤ, ナスルッラー, アサド政権が崩壊） / 参考: page 1/1件
  Q120: anchor 2/4件取得（未取得 2件: 専守防衛を堅持, 先制攻撃は許されず） / 参考: page 1/1件
  Q121: anchor 3/4件取得（未取得 1件: 威嚇を履行する意思と能力） / 参考: page 1/1件
  Q122: anchor 3/4件取得（未取得 1件: 冷静かつ毅然と対応） / 参考: page 1/1件
  Q123: anchor 0/4件取得（未取得 4件: 宣伝・プロパガンダ, 統一戦線工作, フェイクアカウント, 琉球独立） / 参考: page 1/1件
  Q125: anchor 1/4件取得（未取得 3件: 日米安保条約第5条, 同第6条の規定に基づき, 公共財としての役割） / 参考: page 1/1件
  Q126: anchor 1/4件取得（未取得 3件: 共同運用調整所, 同盟調整グループ, 平成28年熊本地震） / 参考: page 1/1件
  Q127: anchor 1/4件取得（未取得 3件: 海面下最大70メートル, 海面下約90メートル, 計76地点） / 参考: page 1/1件
  Q128: anchor 3/4件取得（未取得 1件: 環境影響評価手続） / 参考: page 1/1件
  Q129: anchor 3/4件取得（未取得 1件: チャモロ族） / 参考: page 1/1件
  Q130: anchor 2/4件取得（未取得 2件: 豪軍およびカナダ軍, 民間空港・港湾） / 参考: page 1/1件
  Q131: anchor 3/4件取得（未取得 1件: ルッテ・NATO事務総長） / 参考: page 1/1件
  Q132: anchor 1/4件取得（未取得 3件: 合計107台の自衛隊車両, 約19万食, 義足の提供やリハビリ） / 参考: page 1/1件
  Q133: anchor 3/4件取得（未取得 1件: 計13回の査察） / 参考: page 1/1件
  Q135: anchor 3/4件取得（未取得 1件: 歴史資料等保有施設） / 参考: page 1/1件
  Q136: anchor 3/4件取得（未取得 1件: 幹部候補曹） / 参考: page 2/2件
  Q137: anchor 2/4件取得（未取得 2件: ユニコーン, 国際競争入札） / 参考: page 1/1件
  Q139: anchor 1/4件取得（未取得 3件: 気候強靱性, 防衛省気候変動対処戦略, 防衛省気候変動タスクフォース） / 参考: page 1/1件
  Q140: anchor 1/4件取得（未取得 3件: まるわかり！日本の防衛, Japan Defense Focus, 英語版防衛白書） / 参考: page 1/1件
  Q142: anchor 2/3件取得（未取得 1件: 大きな転換点を迎えている） / 参考: page 1/1件
  Q143: anchor 0/3件取得（未取得 3件: 停戦の見通しは立っていない, 米国を仲介した停戦協議の進捗が注目される, 今後のトランプ政権による中東情勢への関与が注目される） / 参考: page 2/2件
  Q144: anchor 1/3件取得（未取得 2件: 今後の核軍備管理の動向が注目される, 2026会計年度予算要求を発表していない） / 参考: page 1/1件
  Q147: anchor 1/3件取得（未取得 2件: 国防教育法を改正, 中国軍の作戦遂行能力への影響を注視する必要がある） / 参考: page 1/1件
  Q149: anchor 2/3件取得（未取得 1件: 米露間の枠組みに参加する意思はない） / 参考: page 1/1件
  Q150: anchor 1/3件取得（未取得 2件: 中国との政治・軍事的協力の重要性はこれまで以上に高まっていく可能性, ロシア産原油の輸入を増やす） / 参考: page 1/1件
  Q151: anchor 1/3件取得（未取得 2件: 人材の獲得競争はより一層厳しさが増していくことが予想, 34万4,000円に引き上げた） / 参考: page 2/2件
  Q153: anchor 2/3件取得（未取得 1件: 正式にGIGOが設立されました） / 参考: page 3/3件
  Q154: anchor 1/3件取得（未取得 2件: 計121件、約234億円について認定, 本基金を2024年3月に造成） / 参考: page 2/3件
  Q155: anchor 2/3件取得（未取得 1件: 2050年までの長期を見据えたロードマップ） / 参考: page 1/1件
  Q157: anchor 1/2件取得（未取得 1件: 統合作戦司令部の新設に伴って、統幕の役割が変更されることはない） / 参考: page 2/2件
  Q162: anchor 1/2件取得（未取得 1件: 自衛官の定員割れが続き） / 参考: page 1/2件
  Q163: anchor 0/2件取得（未取得 2件: 2027年度までに装備品の可動数を最大にする, 高い可動率を支えることのできる能力） / 参考: page 1/2件
  Q165: anchor 0/2件取得（未取得 2件: 核を含む拡大抑止の提供を受けている, 日米拡大抑止協議） / 参考: page 0/1件
  Q166: anchor 0/2件取得（未取得 2件: 自然な文章や画像などを生成できる生成AI, 生成AIを利用したサイバー脅威の増大） / 参考: page 2/3件
  Q168: anchor 1/2件取得（未取得 1件: 優先順位を付けながら施設の建替えなどを効率的に進めている） / 参考: page 2/2件

=== 失敗モード分類（★anchor_coverage@8 が主・page_coverage は参考） ===
ID   cat  anchor@8  page@8    det  モード
Q01  C1       0.40    0.22      -  (A') 検索の部分失敗
Q02  C1       0.33    0.25      -  (A') 検索の部分失敗
Q03  C1       1.00    0.83      -  検索OK
Q04  C1       1.00    1.00      -  検索OK
Q05  C2       0.67    0.67      -  (A') 検索の部分失敗
Q06  C2       1.00    0.50      -  検索OK
Q07  C2       1.00    1.00      -  検索OK
Q08  C2       1.00    1.00      -  検索OK
Q09  C2       1.00    1.00      -  検索OK
Q10  C3       0.67    0.80      -  (A') 検索の部分失敗
Q11  C3       1.00    1.00      -  検索OK
Q12  C3       0.00    1.00      -  (A) 検索失敗
Q13  C4       0.75    0.50      -  (A') 検索の部分失敗
Q15  C4       1.00    1.00      -  検索OK
Q16  C5       0.00    0.33      -  (A) 検索失敗
Q17  C5       1.00    1.00      -  検索OK
Q19  C6     (page)    0.25      -  (A') 検索の部分失敗
Q20  C6       0.67    1.00      -  (A') 検索の部分失敗
Q021 C2       0.75    1.00      -  (A') 検索の部分失敗
Q022 C2       0.50    1.00      -  (A') 検索の部分失敗
Q023 C2       0.75    1.00      -  (A') 検索の部分失敗
Q024 C2       1.00    1.00      -  検索OK
Q025 C2       0.75    1.00      -  (A') 検索の部分失敗
Q026 C2       0.25    1.00      -  (A') 検索の部分失敗
Q027 C2       1.00    1.00      -  検索OK
Q028 C2       1.00    1.00      -  検索OK
Q029 C2       1.00    1.00      -  検索OK
Q030 C2       0.75    1.00      -  (A') 検索の部分失敗
Q031 C2       0.33    0.50      -  (A') 検索の部分失敗
Q032 C2       0.50    1.00      -  (A') 検索の部分失敗
Q033 C2       1.00    1.00      -  検索OK
Q034 C2       0.75    1.00      -  (A') 検索の部分失敗
Q035 C2       1.00    1.00      -  検索OK
Q036 C2       0.67    1.00      -  (A') 検索の部分失敗
Q037 C2       0.67    0.50      -  (A') 検索の部分失敗
Q038 C2       1.00    1.00      -  検索OK
Q039 C2       1.00    1.00      -  検索OK
Q040 C2       0.00    1.00      -  (A) 検索失敗
Q041 C2       0.33    1.00      -  (A') 検索の部分失敗
Q042 C2       1.00    1.00      -  検索OK
Q043 C2       1.00    1.00      -  検索OK
Q044 C2       1.00    1.00      -  検索OK
Q045 C2       1.00    1.00      -  検索OK
Q046 C2       1.00    1.00      -  検索OK
Q047 C2       1.00    1.00      -  検索OK
Q048 C2       0.75    1.00      -  (A') 検索の部分失敗
Q049 C2       1.00    1.00      -  検索OK
Q050 C2       0.67    0.50      -  (A') 検索の部分失敗
Q051 C2       0.67    1.00      -  (A') 検索の部分失敗
Q052 C2       1.00    1.00      -  検索OK
Q053 C2       0.00    1.00      -  (A) 検索失敗
Q054 C2       0.75    1.00      -  (A') 検索の部分失敗
Q055 C2       1.00    1.00      -  検索OK
Q056 C2       0.67    1.00      -  (A') 検索の部分失敗
Q057 C2       1.00    1.00      -  検索OK
Q058 C2       0.25    1.00      -  (A') 検索の部分失敗
Q059 C2       1.00    1.00      -  検索OK
Q060 C2       0.33    1.00      -  (A') 検索の部分失敗
Q061 C2       1.00    1.00      -  検索OK
Q062 C2       0.25    0.50      -  (A') 検索の部分失敗
Q063 C2       0.25    0.50      -  (A') 検索の部分失敗
Q064 C2       1.00    1.00      -  検索OK
Q065 C3       0.25    1.00      -  (A') 検索の部分失敗
Q066 C3       1.00    1.00      -  検索OK
Q067 C3       1.00    1.00      -  検索OK
Q068 C3       1.00    1.00      -  検索OK
Q069 C3       1.00    0.00      -  検索OK
Q070 C3       1.00    1.00      -  検索OK
Q071 C3       0.33    1.00      -  (A') 検索の部分失敗
Q072 C3       1.00    1.00      -  検索OK
Q073 C3       1.00    1.00      -  検索OK
Q074 C3       0.75    1.00      -  (A') 検索の部分失敗
Q075 C3       1.00    1.00      -  検索OK
Q076 C3       1.00    0.00      -  検索OK
Q077 C3       1.00    1.00      -  検索OK
Q078 C3       1.00    1.00      -  検索OK
Q079 C3       1.00    1.00      -  検索OK
Q080 C3       0.50    1.00      -  (A') 検索の部分失敗
Q081 C3       0.00    1.00      -  (A) 検索失敗
Q082 C3       1.00    1.00      -  検索OK
Q083 C3       0.50    1.00      -  (A') 検索の部分失敗
Q084 C3       0.00    1.00      -  (A) 検索失敗
Q085 C3       1.00    1.00      -  検索OK
Q086 C3       1.00    1.00      -  検索OK
Q087 C3       1.00    1.00      -  検索OK
Q088 C3       1.00    1.00      -  検索OK
Q089 C3       1.00    1.00      -  検索OK
Q090 C3       0.33    1.00      -  (A') 検索の部分失敗
Q091 C3       1.00    1.00      -  検索OK
Q092 C3       1.00    1.00      -  検索OK
Q093 C3       1.00    1.00      -  検索OK
Q094 C1       0.67    1.00      -  (A') 検索の部分失敗
Q095 C1       1.00    1.00      -  検索OK
Q096 C1       1.00    1.00      -  検索OK
Q097 C1       1.00    1.00      -  検索OK
Q098 C1       1.00    1.00      -  検索OK
Q099 C1       1.00    1.00      -  検索OK
Q100 C1       1.00    1.00      -  検索OK
Q101 C1       0.67    1.00      -  (A') 検索の部分失敗
Q102 C1       1.00    1.00      -  検索OK
Q103 C1       0.67    1.00      -  (A') 検索の部分失敗
Q104 C1       0.33    1.00      -  (A') 検索の部分失敗
Q105 C1       0.25    0.67      -  (A') 検索の部分失敗
Q106 C1       0.60    0.40      -  (A') 検索の部分失敗
Q107 C1       1.00    0.50      -  検索OK
Q108 C1       0.60    0.50      -  (A') 検索の部分失敗
Q109 C1       0.33    1.00      -  (A') 検索の部分失敗
Q110 C1       0.67    1.00      -  (A') 検索の部分失敗
Q111 C1       0.67    1.00      -  (A') 検索の部分失敗
Q112 C1       1.00    1.00      -  検索OK
Q113 C1       0.60    0.67      -  (A') 検索の部分失敗
Q114 C4       0.75    1.00      -  (A') 検索の部分失敗
Q115 C4       0.75    1.00      -  (A') 検索の部分失敗
Q116 C4       1.00    1.00      -  検索OK
Q117 C4       0.75    1.00      -  (A') 検索の部分失敗
Q118 C4       0.25    1.00      -  (A') 検索の部分失敗
Q119 C4       0.00    1.00      -  (A) 検索失敗
Q120 C4       1.00    1.00      -  検索OK
Q121 C4       0.75    1.00      -  (A') 検索の部分失敗
Q122 C4       0.75    1.00      -  (A') 検索の部分失敗
Q123 C4       0.25    1.00      -  (A') 検索の部分失敗
Q124 C4       1.00    1.00      -  検索OK
Q125 C4       0.50    1.00      -  (A') 検索の部分失敗
Q126 C4       0.50    1.00      -  (A') 検索の部分失敗
Q127 C4       0.25    1.00      -  (A') 検索の部分失敗
Q128 C4       0.75    1.00      -  (A') 検索の部分失敗
Q129 C4       0.75    1.00      -  (A') 検索の部分失敗
Q130 C4       0.50    1.00      -  (A') 検索の部分失敗
Q131 C4       0.75    1.00      -  (A') 検索の部分失敗
Q132 C4       0.00    1.00      -  (A) 検索失敗
Q133 C4       0.75    1.00      -  (A') 検索の部分失敗
Q134 C4       0.75    1.00      -  (A') 検索の部分失敗
Q135 C4       0.75    1.00      -  (A') 検索の部分失敗
Q136 C4       1.00    1.00      -  検索OK
Q137 C4       0.75    1.00      -  (A') 検索の部分失敗
Q138 C4       1.00    1.00      -  検索OK
Q139 C4       0.25    1.00      -  (A') 検索の部分失敗
Q140 C4       0.75    1.00      -  (A') 検索の部分失敗
Q141 C4       1.00    1.00      -  検索OK
Q142 C5       1.00    1.00      -  検索OK
Q143 C5       0.00    1.00      -  (A) 検索失敗
Q144 C5       0.33    1.00      -  (A') 検索の部分失敗
Q145 C5       1.00    1.00      -  検索OK
Q146 C5       0.67    1.00      -  (A') 検索の部分失敗
Q147 C5       0.33    1.00      -  (A') 検索の部分失敗
Q148 C5       1.00    1.00      -  検索OK
Q149 C5       0.67    1.00      -  (A') 検索の部分失敗
Q150 C5       0.33    1.00      -  (A') 検索の部分失敗
Q151 C5       0.33    0.00      -  (A') 検索の部分失敗
Q152 C5       1.00    1.00      -  検索OK
Q153 C5       0.00    0.67      -  (A) 検索失敗
Q154 C5       0.33    0.67      -  (A') 検索の部分失敗
Q155 C5       0.67    1.00      -  (A') 検索の部分失敗
Q156 C5       1.00    1.00      -  検索OK
Q157 C6       1.00    1.00      -  検索OK
Q158 C6       1.00    1.00      -  検索OK
Q159 C6       1.00    0.50      -  検索OK
Q160 C6       1.00    1.00      -  検索OK
Q161 C6       0.00    0.50      -  (A) 検索失敗
Q162 C6       1.00    1.00      -  検索OK
Q163 C6       0.50    1.00      -  (A') 検索の部分失敗
Q164 C6       0.50    0.50      -  (A') 検索の部分失敗
Q165 C6       0.00    0.00      -  (A) 検索失敗
Q166 C6       0.00    0.00      -  (A) 検索失敗
Q167 C6       1.00    1.00      -  検索OK
Q168 C6       0.50    1.00      -  (A') 検索の部分失敗
  ⚠ アンカー未定義のためページ方式に退避した設問（判定の信頼度が低い）: ['Q19']
  ---- 内訳:
       (A) 検索失敗              : 13問 ['Q12', 'Q16', 'Q040', 'Q053', 'Q081', 'Q084', 'Q119', 'Q132', 'Q143', 'Q153', 'Q161', 'Q165', 'Q166']
       (A') 検索の部分失敗          : 76問 ['Q01', 'Q02', 'Q05', 'Q10', 'Q13', 'Q19', 'Q20', 'Q021', 'Q022', 'Q023', 'Q025', 'Q026', 'Q030', 'Q031', 'Q032', 'Q034', 'Q036', 'Q037', 'Q041', 'Q048', 'Q050', 'Q051', 'Q054', 'Q056', 'Q058', 'Q060', 'Q062', 'Q063', 'Q065', 'Q071', 'Q074', 'Q080', 'Q083', 'Q090', 'Q094', 'Q101', 'Q103', 'Q104', 'Q105', 'Q106', 'Q108', 'Q109', 'Q110', 'Q111', 'Q113', 'Q114', 'Q115', 'Q117', 'Q118', 'Q121', 'Q122', 'Q123', 'Q125', 'Q126', 'Q127', 'Q128', 'Q129', 'Q130', 'Q131', 'Q133', 'Q134', 'Q135', 'Q137', 'Q139', 'Q140', 'Q144', 'Q146', 'Q147', 'Q149', 'Q150', 'Q151', 'Q154', 'Q155', 'Q163', 'Q164', 'Q168']
       検索OK                  : 77問 ['Q03', 'Q04', 'Q06', 'Q07', 'Q08', 'Q09', 'Q11', 'Q15', 'Q17', 'Q024', 'Q027', 'Q028', 'Q029', 'Q033', 'Q035', 'Q038', 'Q039', 'Q042', 'Q043', 'Q044', 'Q045', 'Q046', 'Q047', 'Q049', 'Q052', 'Q055', 'Q057', 'Q059', 'Q061', 'Q064', 'Q066', 'Q067', 'Q068', 'Q069', 'Q070', 'Q072', 'Q073', 'Q075', 'Q076', 'Q077', 'Q078', 'Q079', 'Q082', 'Q085', 'Q086', 'Q087', 'Q088', 'Q089', 'Q091', 'Q092', 'Q093', 'Q095', 'Q096', 'Q097', 'Q098', 'Q099', 'Q100', 'Q102', 'Q107', 'Q112', 'Q116', 'Q120', 'Q124', 'Q136', 'Q138', 'Q141', 'Q142', 'Q145', 'Q148', 'Q152', 'Q156', 'Q157', 'Q158', 'Q159', 'Q160', 'Q162', 'Q167']
  ---- ★ページ方式なら『検索は成功』と誤判定していた設問: ['Q12', 'Q20', 'Q021', 'Q022', 'Q023', 'Q025', 'Q026', 'Q030', 'Q032', 'Q034', 'Q036', 'Q040', 'Q041', 'Q048', 'Q051', 'Q053', 'Q054', 'Q056', 'Q058', 'Q060', 'Q065', 'Q071', 'Q074', 'Q080', 'Q081', 'Q083', 'Q084', 'Q090', 'Q094', 'Q101', 'Q103', 'Q104', 'Q109', 'Q110', 'Q111', 'Q114', 'Q115', 'Q117', 'Q118', 'Q119', 'Q121', 'Q122', 'Q123', 'Q125', 'Q126', 'Q127', 'Q128', 'Q129', 'Q130', 'Q131', 'Q132', 'Q133', 'Q134', 'Q135', 'Q137', 'Q139', 'Q140', 'Q143', 'Q144', 'Q146', 'Q147', 'Q149', 'Q150', 'Q155', 'Q163', 'Q168']

(retrieval結果JSON → out/embswap/raw/retrieval-emb-gemma.json)
