開始: 2026-08-04 21:50:05
===== A1 (gemma4:12b) 開始 21:50:05 =====
  A1: 合計: 27/30
===== A1 終了 21:53:13 =====
===== B1 (granite4.1:8b) 開始 21:53:13 =====
  B1: 合計: 27/30
===== B1 終了 21:56:24 =====
===== A2 (gemma4:12b) 開始 21:56:24 =====
  A2: 合計: 27/30
===== A2 終了 21:58:51 =====
===== B2 (granite4.1:8b) 開始 21:58:51 =====
  B2: 合計: 27/30
===== B2 終了 22:02:28 =====
===== A3 (gemma4:12b) 開始 22:02:28 =====
  A3: 合計: 27/30
===== A3 終了 22:06:03 =====
===== B3 (granite4.1:8b) 開始 22:06:03 =====
  B3: 合計: 27/30
===== B3 終了 22:09:04 =====
完了: 2026-08-04 22:09:04
